Component: ARM Compiler 5.06 update 6 (build 750) Tool: armlink [4d35ed]

==============================================================================

Section Cross References

    startup_stm32f415xx.o(RESET) refers to startup_stm32f415xx.o(STACK) for __initial_sp
    startup_stm32f415xx.o(RESET) refers to startup_stm32f415xx.o(.text) for Reset_Handler
    startup_stm32f415xx.o(RESET) refers to stm32f4xx_it.o(i.NMI_Handler) for NMI_Handler
    startup_stm32f415xx.o(RESET) refers to stm32f4xx_it.o(i.HardFault_Handler) for HardFault_Handler
    startup_stm32f415xx.o(RESET) refers to stm32f4xx_it.o(i.MemManage_Handler) for MemManage_Handler
    startup_stm32f415xx.o(RESET) refers to stm32f4xx_it.o(i.BusFault_Handler) for BusFault_Handler
    startup_stm32f415xx.o(RESET) refers to stm32f4xx_it.o(i.UsageFault_Handler) for UsageFault_Handler
    startup_stm32f415xx.o(RESET) refers to stm32f4xx_it.o(i.SVC_Handler) for SVC_Handler
    startup_stm32f415xx.o(RESET) refers to stm32f4xx_it.o(i.DebugMon_Handler) for DebugMon_Handler
    startup_stm32f415xx.o(RESET) refers to stm32f4xx_it.o(i.PendSV_Handler) for PendSV_Handler
    startup_stm32f415xx.o(RESET) refers to stm32f4xx_it.o(i.SysTick_Handler) for SysTick_Handler
    startup_stm32f415xx.o(RESET) refers to stm32f4xx_it.o(i.EXTI0_IRQHandler) for EXTI0_IRQHandler
    startup_stm32f415xx.o(RESET) refers to stm32f4xx_it.o(i.EXTI1_IRQHandler) for EXTI1_IRQHandler
    startup_stm32f415xx.o(RESET) refers to stm32f4xx_it.o(i.ADC_IRQHandler) for ADC_IRQHandler
    startup_stm32f415xx.o(RESET) refers to usart.o(i.USART2_IRQHandler) for USART2_IRQHandler
    startup_stm32f415xx.o(RESET) refers to stm32f4xx_it.o(i.EXTI15_10_IRQHandler) for EXTI15_10_IRQHandler
    startup_stm32f415xx.o(RESET) refers to stm32f4xx_it.o(i.SDIO_IRQHandler) for SDIO_IRQHandler
    startup_stm32f415xx.o(RESET) refers to stm32f4xx_it.o(i.TIM5_IRQHandler) for TIM5_IRQHandler
    startup_stm32f415xx.o(RESET) refers to stm32f4xx_it.o(i.TIM6_DAC_IRQHandler) for TIM6_DAC_IRQHandler
    startup_stm32f415xx.o(RESET) refers to stm32f4xx_it.o(i.TIM7_IRQHandler) for TIM7_IRQHandler
    startup_stm32f415xx.o(RESET) refers to stm32f4xx_it.o(i.DMA2_Stream0_IRQHandler) for DMA2_Stream0_IRQHandler
    startup_stm32f415xx.o(RESET) refers to stm32f4xx_it.o(i.DMA2_Stream3_IRQHandler) for DMA2_Stream3_IRQHandler
    startup_stm32f415xx.o(RESET) refers to stm32f4xx_it.o(i.DMA2_Stream6_IRQHandler) for DMA2_Stream6_IRQHandler
    startup_stm32f415xx.o(.text) refers to system_stm32f4xx.o(i.SystemInit) for SystemInit
    startup_stm32f415xx.o(.text) refers to entry.o(.ARM.Collect$$$$00000000) for __main
    adc.o(i.HAL_ADC_MspDeInit) refers to stm32f4xx_hal_gpio.o(i.HAL_GPIO_DeInit) for HAL_GPIO_DeInit
    adc.o(i.HAL_ADC_MspDeInit) refers to stm32f4xx_hal_dma.o(i.HAL_DMA_DeInit) for HAL_DMA_DeInit
    adc.o(i.HAL_ADC_MspDeInit) refers to stm32f4xx_hal_cortex.o(i.HAL_NVIC_DisableIRQ) for HAL_NVIC_DisableIRQ
    adc.o(i.HAL_ADC_MspInit) refers to memseta.o(.text) for __aeabi_memclr4
    adc.o(i.HAL_ADC_MspInit) refers to stm32f4xx_hal_gpio.o(i.HAL_GPIO_Init) for HAL_GPIO_Init
    adc.o(i.HAL_ADC_MspInit) refers to stm32f4xx_hal_dma.o(i.HAL_DMA_Init) for HAL_DMA_Init
    adc.o(i.HAL_ADC_MspInit) refers to main.o(i.Error_Handler) for Error_Handler
    adc.o(i.HAL_ADC_MspInit) refers to stm32f4xx_hal_cortex.o(i.HAL_NVIC_SetPriority) for HAL_NVIC_SetPriority
    adc.o(i.HAL_ADC_MspInit) refers to stm32f4xx_hal_cortex.o(i.HAL_NVIC_EnableIRQ) for HAL_NVIC_EnableIRQ
    adc.o(i.HAL_ADC_MspInit) refers to adc.o(.bss) for .bss
    adc.o(i.MX_ADC1_Init) refers to stm32f4xx_hal_adc.o(i.HAL_ADC_Init) for HAL_ADC_Init
    adc.o(i.MX_ADC1_Init) refers to main.o(i.Error_Handler) for Error_Handler
    adc.o(i.MX_ADC1_Init) refers to stm32f4xx_hal_adc.o(i.HAL_ADC_ConfigChannel) for HAL_ADC_ConfigChannel
    adc.o(i.MX_ADC1_Init) refers to adc.o(.bss) for .bss
    dma.o(i.MX_DMA_Init) refers to stm32f4xx_hal_cortex.o(i.HAL_NVIC_SetPriority) for HAL_NVIC_SetPriority
    dma.o(i.MX_DMA_Init) refers to stm32f4xx_hal_cortex.o(i.HAL_NVIC_EnableIRQ) for HAL_NVIC_EnableIRQ
    exit.o(i.HAL_GPIO_EXTI_Callback) refers to stm32f4xx_hal_gpio.o(i.HAL_GPIO_ReadPin) for HAL_GPIO_ReadPin
    exit.o(i.HAL_GPIO_EXTI_Callback) refers to tim.o(i.GetMicros) for GetMicros
    exit.o(i.HAL_GPIO_EXTI_Callback) refers to exit.o(.data) for .data
    exit.o(i.MX_EXIT_Init) refers to memseta.o(.text) for __aeabi_memclr4
    exit.o(i.MX_EXIT_Init) refers to stm32f4xx_hal_gpio.o(i.HAL_GPIO_Init) for HAL_GPIO_Init
    exit.o(i.MX_EXIT_Init) refers to stm32f4xx_hal_cortex.o(i.HAL_NVIC_SetPriority) for HAL_NVIC_SetPriority
    exit.o(i.MX_EXIT_Init) refers to stm32f4xx_hal_cortex.o(i.HAL_NVIC_EnableIRQ) for HAL_NVIC_EnableIRQ
    gpio.o(i.MX_GPIO_Init) refers to memseta.o(.text) for __aeabi_memclr4
    gpio.o(i.MX_GPIO_Init) refers to stm32f4xx_hal_gpio.o(i.HAL_GPIO_WritePin) for HAL_GPIO_WritePin
[...]
    i.SDIO_WriteFIFO                         0x08002fa2   Section        0  stm32f4xx_ll_sdmmc.o(i.SDIO_WriteFIFO)
    i.SDMMC_CmdAppCommand                    0x08002fac   Section        0  stm32f4xx_ll_sdmmc.o(i.SDMMC_CmdAppCommand)
    i.SDMMC_CmdAppOperCommand                0x08002fe0   Section        0  stm32f4xx_ll_sdmmc.o(i.SDMMC_CmdAppOperCommand)
    i.SDMMC_CmdBlockLength                   0x08003014   Section        0  stm32f4xx_ll_sdmmc.o(i.SDMMC_CmdBlockLength)
    i.SDMMC_CmdBusWidth                      0x08003046   Section        0  stm32f4xx_ll_sdmmc.o(i.SDMMC_CmdBusWidth)
    i.SDMMC_CmdGoIdleState                   0x08003078   Section        0  stm32f4xx_ll_sdmmc.o(i.SDMMC_CmdGoIdleState)
    i.SDMMC_CmdOperCond                      0x080030c8   Section        0  stm32f4xx_ll_sdmmc.o(i.SDMMC_CmdOperCond)
    i.SDMMC_CmdReadMultiBlock                0x0800313c   Section        0  stm32f4xx_ll_sdmmc.o(i.SDMMC_CmdReadMultiBlock)
    i.SDMMC_CmdReadSingleBlock               0x0800316e   Section        0  stm32f4xx_ll_sdmmc.o(i.SDMMC_CmdReadSingleBlock)
    i.SDMMC_CmdSelDesel                      0x080031a0   Section        0  stm32f4xx_ll_sdmmc.o(i.SDMMC_CmdSelDesel)
    i.SDMMC_CmdSendCID                       0x080031d2   Section        0  stm32f4xx_ll_sdmmc.o(i.SDMMC_CmdSendCID)
    i.SDMMC_CmdSendCSD                       0x080031fe   Section        0  stm32f4xx_ll_sdmmc.o(i.SDMMC_CmdSendCSD)
    i.SDMMC_CmdSendSCR                       0x0800322a   Section        0  stm32f4xx_ll_sdmmc.o(i.SDMMC_CmdSendSCR)
    i.SDMMC_CmdSendStatus                    0x0800325a   Section        0  stm32f4xx_ll_sdmmc.o(i.SDMMC_CmdSendStatus)
    i.SDMMC_CmdSetRelAdd                     0x0800328c   Section        0  stm32f4xx_ll_sdmmc.o(i.SDMMC_CmdSetRelAdd)
    i.SDMMC_CmdStopTransfer                  0x080032bc   Section        0  stm32f4xx_ll_sdmmc.o(i.SDMMC_CmdStopTransfer)
    i.SDMMC_CmdWriteMultiBlock               0x080032f0   Section        0  stm32f4xx_ll_sdmmc.o(i.SDMMC_CmdWriteMultiBlock)
    i.SDMMC_CmdWriteSingleBlock              0x08003322   Section        0  stm32f4xx_ll_sdmmc.o(i.SDMMC_CmdWriteSingleBlock)
    i.SDMMC_GetCmdResp1                      0x08003354   Section        0  stm32f4xx_ll_sdmmc.o(i.SDMMC_GetCmdResp1)
    SDMMC_GetCmdResp1                        0x08003355   Thumb Code   278  stm32f4xx_ll_sdmmc.o(i.SDMMC_GetCmdResp1)
    i.SDMMC_GetCmdResp2                      0x08003474   Section        0  stm32f4xx_ll_sdmmc.o(i.SDMMC_GetCmdResp2)
    SDMMC_GetCmdResp2                        0x08003475   Thumb Code    76  stm32f4xx_ll_sdmmc.o(i.SDMMC_GetCmdResp2)
    i.SDMMC_GetCmdResp3                      0x080034c4   Section        0  stm32f4xx_ll_sdmmc.o(i.SDMMC_GetCmdResp3)
    SDMMC_GetCmdResp3                        0x080034c5   Thumb Code    62  stm32f4xx_ll_sdmmc.o(i.SDMMC_GetCmdResp3)
    i.SDMMC_GetCmdResp6                      0x08003508   Section        0  stm32f4xx_ll_sdmmc.o(i.SDMMC_GetCmdResp6)
    SDMMC_GetCmdResp6                        0x08003509   Thumb Code   130  stm32f4xx_ll_sdmmc.o(i.SDMMC_GetCmdResp6)
    i.SD_CheckStatus                         0x08003590   Section        0  sd_diskio.o(i.SD_CheckStatus)
    SD_CheckStatus                           0x08003591   Thumb Code    26  sd_diskio.o(i.SD_CheckStatus)
    i.SD_DMARxAbort                          0x080035b0   Section        0  stm32f4xx_hal_sd.o(i.SD_DMARxAbort)
    SD_DMARxAbort                            0x080035b1   Thumb Code    68  stm32f4xx_hal_sd.o(i.SD_DMARxAbort)
    i.SD_DMATxAbort                          0x080035f4   Section        0  stm32f4xx_hal_sd.o(i.SD_DMATxAbort)
    SD_DMATxAbort                            0x080035f5   Thumb Code    68  stm32f4xx_hal_sd.o(i.SD_DMATxAbort)
    i.SD_FindSCR                             0x08003638   Section        0  stm32f4xx_hal_sd.o(i.SD_FindSCR)
    SD_FindSCR                               0x08003639   Thumb Code   212  stm32f4xx_hal_sd.o(i.SD_FindSCR)
    i.SD_InitCard                            0x0800370c   Section        0  stm32f4xx_hal_sd.o(i.SD_InitCard)
    SD_InitCard                              0x0800370d   Thumb Code   238  stm32f4xx_hal_sd.o(i.SD_InitCard)
    i.SD_PowerON                             0x080037fc   Section        0  stm32f4xx_hal_sd.o(i.SD_PowerON)
    SD_PowerON                               0x080037fd   Thumb Code   174  stm32f4xx_hal_sd.o(i.SD_PowerON)
    i.SD_initialize                          0x080038b0   Section        0  sd_diskio.o(i.SD_initialize)
    i.SD_ioctl                               0x080038d0   Section        0  sd_diskio.o(i.SD_ioctl)
    i.SD_read                                0x08003920   Section        0  sd_diskio.o(i.SD_read)
    i.SD_status                              0x08003946   Section        0  sd_diskio.o(i.SD_status)
    i.SD_write                               0x0800394c   Section        0  sd_diskio.o(i.SD_write)
    i.SVC_Handler                            0x08003972   Section        0  stm32f4xx_it.o(i.SVC_Handler)
    i.SysTick_Handler                        0x08003974   Section        0  stm32f4xx_it.o(i.SysTick_Handler)
    i.SystemClock_Config                     0x08003978   Section        0  main.o(i.SystemClock_Config)
    i.SystemInit                             0x080039fc   Section        0  system_stm32f4xx.o(i.SystemInit)
    i.TIM5_IRQHandler                        0x08003a18   Section        0  stm32f4xx_it.o(i.TIM5_IRQHandler)
    i.TIM6_DAC_IRQHandler                    0x08003a24   Section        0  stm32f4xx_it.o(i.TIM6_DAC_IRQHandler)
    i.TIM7_IRQHandler                        0x08003a30   Section        0  stm32f4xx_it.o(i.TIM7_IRQHandler)
    i.TIM_Base_SetConfig                     0x08003a3c   Section        0  stm32f4xx_hal_tim.o(i.TIM_Base_SetConfig)
    i.TIM_CCxChannelCmd                      0x08003b04   Section        0  stm32f4xx_hal_tim.o(i.TIM_CCxChannelCmd)
    i.TIM_OC1_SetConfig                      0x08003b20   Section        0  stm32f4xx_hal_tim.o(i.TIM_OC1_SetConfig)
    TIM_OC1_SetConfig                        0x08003b21   Thumb Code    88  stm32f4xx_hal_tim.o(i.TIM_OC1_SetConfig)
    i.TIM_OC2_SetConfig                      0x08003b80   Section        0  stm32f4xx_hal_tim.o(i.TIM_OC2_SetConfig)
    i.TIM_OC3_SetConfig                      0x08003bec   Section        0  stm32f4xx_hal_tim.o(i.TIM_OC3_SetConfig)
    TIM_OC3_SetConfig                        0x08003bed   Thumb Code    96  stm32f4xx_hal_tim.o(i.TIM_OC3_SetConfig)
    i.TIM_OC4_SetConfig                      0x08003c54   Section        0  stm32f4xx_hal_tim.o(i.TIM_OC4_SetConfig)
    TIM_OC4_SetConfig                        0x08003c55   Thumb Code    70  stm32f4xx_hal_tim.o(i.TIM_OC4_SetConfig)
    i.UART_SetConfig                         0x08003ca4   Section        0  stm32f4xx_hal_uart.o(i.UART_SetConfig)
    UART_SetConfig                           0x08003ca5   Thumb Code   286  stm32f4xx_hal_uart.o(i.UART_SetConfig)
    i.USART2_IRQHandler                      0x08003dcc   Section        0  usart.o(i.USART2_IRQHandler)
    i.UsageFault_Handler                     0x08003e04   Section        0  stm32f4xx_it.o(i.UsageFault_Handler)
    i.Wait_processing                        0x08003e08   Section        0  tim.o(i.Wait_processing)
    i.WriteBlock                             0x08003e20   Section        0  logger.o(i.WriteBlock)
    i.Write_Format                           0x08003ef0   Section        0  logger.o(i.Write_Format)
    i.Write_Test                             0x08003f08   Section        0  logger.o(i.Write_Test)
    i.__NVIC_SetPriority                     0x08003f2c   Section        0  stm32f4xx_hal_cortex.o(i.__NVIC_SetPriority)
    __NVIC_SetPriority                       0x08003f2d   Thumb Code    32  stm32f4xx_hal_cortex.o(i.__NVIC_SetPriority)
    i.__scatterload_copy                     0x08003f4c   Section       14  handlers.o(i.__scatterload_copy)
    i.__scatterload_null                     0x08003f5a   Section        2  handlers.o(i.__scatterload_null)
    i.__scatterload_zeroinit                 0x08003f5c   Section       14  handlers.o(i.__scatterload_zeroinit)
    i.check_fs                               0x08003f6c   Section        0  ff.o(i.check_fs)
    check_fs                                 0x08003f6d   Thumb Code   102  ff.o(i.check_fs)
    i.chk_chr                                0x08003fdc   Section        0  ff.o(i.chk_chr)
    chk_chr                                  0x08003fdd   Thumb Code    16  ff.o(i.chk_chr)
    i.chk_lock                               0x08003fec   Section        0  ff.o(i.chk_lock)
    chk_lock                                 0x08003fed   Thumb Code    86  ff.o(i.chk_lock)
    i.clear_lock                             0x08004048   Section        0  ff.o(i.clear_lock)
    clear_lock                               0x08004049   Thumb Code    28  ff.o(i.clear_lock)
    i.clmt_clust                             0x08004068   Section        0  ff.o(i.clmt_clust)
    clmt_clust                               0x08004069   Thumb Code    36  ff.o(i.clmt_clust)
    i.clust2sect                             0x0800408c   Section        0  ff.o(i.clust2sect)
    clust2sect                               0x0800408d   Thumb Code    24  ff.o(i.clust2sect)
    i.cmp_lfn                                0x080040a4   Section        0  ff.o(i.cmp_lfn)
    cmp_lfn                                  0x080040a5   Thumb Code   124  ff.o(i.cmp_lfn)
    i.create_chain                           0x08004124   Section        0  ff.o(i.create_chain)
    create_chain                             0x08004125   Thumb Code   164  ff.o(i.create_chain)
    i.create_name                            0x080041c8   Section        0  ff.o(i.create_name)
    create_name                              0x080041c9   Thumb Code   560  ff.o(i.create_name)
    i.dec_lock                               0x0800440c   Section        0  ff.o(i.dec_lock)
    dec_lock                                 0x0800440d   Thumb Code    48  ff.o(i.dec_lock)
    i.dir_find                               0x08004440   Section        0  ff.o(i.dir_find)
    dir_find                                 0x08004441   Thumb Code   208  ff.o(i.dir_find)
    i.dir_next                               0x08004510   Section        0  ff.o(i.dir_next)
    dir_next                                 0x08004511   Thumb Code   244  ff.o(i.dir_next)
    i.dir_read                               0x08004604   Section        0  ff.o(i.dir_read)
    dir_read                                 0x08004605   Thumb Code   182  ff.o(i.dir_read)
    i.dir_register                           0x080046bc   Section        0  ff.o(i.dir_register)
    dir_register                             0x080046bd   Thumb Code   480  ff.o(i.dir_register)
    i.dir_remove                             0x080048a0   Section        0  ff.o(i.dir_remove)
    dir_remove                               0x080048a1   Thumb Code    78  ff.o(i.dir_remove)
    i.dir_sdi                                0x080048ee   Section        0  ff.o(i.dir_sdi)
    dir_sdi                                  0x080048ef   Thumb Code   130  ff.o(i.dir_sdi)
    i.disk_initialize                        0x08004970   Section        0  diskio.o(i.disk_initialize)
    i.disk_ioctl                             0x08004998   Section        0  diskio.o(i.disk_ioctl)
    i.disk_read                              0x080049b4   Section        0  diskio.o(i.disk_read)
    i.disk_status                            0x080049d0   Section        0  diskio.o(i.disk_status)
    i.disk_write                             0x080049e8   Section        0  diskio.o(i.disk_write)
    i.f_close                                0x08004a04   Section        0  ff.o(i.f_close)
    i.f_getfree                              0x08004a2c   Section        0  ff.o(i.f_getfree)
    i.f_mount                                0x08004b00   Section        0  ff.o(i.f_mount)
    i.f_open                                 0x08004b58   Section        0  ff.o(i.f_open)
    i.f_sync                                 0x08004d6c   Section        0  ff.o(i.f_sync)
    i.f_unlink                               0x08004dfa   Section        0  ff.o(i.f_unlink)
    i.f_write                                0x08004ea0   Section        0  ff.o(i.f_write)
    i.ff_convert                             0x08005030   Section        0  cc936.o(i.ff_convert)
    i.ff_wtoupper                            0x0800507c   Section        0  cc936.o(i.ff_wtoupper)
    i.fifoBuf_getFree                        0x080050fc   Section        0  fifo_buffer.o(i.fifoBuf_getFree)
    i.fifoBuf_getUsed                        0x0800510a   Section        0  fifo_buffer.o(i.fifoBuf_getUsed)
    i.fifoBuf_putByte                        0x08005128   Section        0  fifo_buffer.o(i.fifoBuf_putByte)
    i.find_volume                            0x08005154   Section        0  ff.o(i.find_volume)
    find_volume                              0x08005155   Thumb Code   582  ff.o(i.find_volume)
    i.follow_path                            0x080053a8   Section        0  ff.o(i.follow_path)
    follow_path                              0x080053a9   Thumb Code   116  ff.o(i.follow_path)
    i.gen_numname                            0x0800541c   Section        0  ff.o(i.gen_numname)
    gen_numname                              0x0800541d   Thumb Code   136  ff.o(i.gen_numname)
    i.get_fat                                0x080054a8   Section        0  ff.o(i.get_fat)
    get_fat                                  0x080054a9   Thumb Code   190  ff.o(i.get_fat)
    i.get_fattime                            0x08005566   Section        0  fatfs.o(i.get_fattime)
    i.get_ldnumber                           0x0800556a   Section        0  ff.o(i.get_ldnumber)
    get_ldnumber                             0x0800556b   Thumb Code    60  ff.o(i.get_ldnumber)
    i.inc_lock                               0x080055a8   Section        0  ff.o(i.inc_lock)
    inc_lock                                 0x080055a9   Thumb Code   124  ff.o(i.inc_lock)
    i.ld_clust                               0x08005628   Section        0  ff.o(i.ld_clust)
    ld_clust                                 0x08005629   Thumb Code    38  ff.o(i.ld_clust)
    i.ld_dword                               0x0800564e   Section        0  ff.o(i.ld_dword)
    ld_dword                                 0x0800564f   Thumb Code    22  ff.o(i.ld_dword)
    i.ld_word                                0x08005664   Section        0  ff.o(i.ld_word)
    ld_word                                  0x08005665   Thumb Code    10  ff.o(i.ld_word)
    i.main                                   0x08005670   Section        0  main.o(i.main)
    i.mem_cpy                                0x08005738   Section        0  ff.o(i.mem_cpy)
    mem_cpy                                  0x08005739   Thumb Code    18  ff.o(i.mem_cpy)
    i.mem_set                                0x0800574c   Section        0  ff.o(i.mem_set)
    mem_set                                  0x0800574d   Thumb Code    14  ff.o(i.mem_set)
    i.move_window                            0x0800575a   Section        0  ff.o(i.move_window)
    move_window                              0x0800575b   Thumb Code    50  ff.o(i.move_window)
    i.pick_lfn                               0x0800578c   Section        0  ff.o(i.pick_lfn)
    pick_lfn                                 0x0800578d   Thumb Code   110  ff.o(i.pick_lfn)
    i.put_fat                                0x08005800   Section        0  ff.o(i.put_fat)
    put_fat                                  0x08005801   Thumb Code   234  ff.o(i.put_fat)
    i.remove_chain                           0x080058ea   Section        0  ff.o(i.remove_chain)
    remove_chain                             0x080058eb   Thumb Code   116  ff.o(i.remove_chain)
    i.st_clust                               0x0800595e   Section        0  ff.o(i.st_clust)
    st_clust                                 0x0800595f   Thumb Code    40  ff.o(i.st_clust)
    i.st_dword                               0x08005986   Section        0  ff.o(i.st_dword)
    st_dword                                 0x08005987   Thumb Code    16  ff.o(i.st_dword)
    i.st_word                                0x08005996   Section        0  ff.o(i.st_word)
    st_word                                  0x08005997   Thumb Code     8  ff.o(i.st_word)
    i.sum_sfn                                0x0800599e   Section        0  ff.o(i.sum_sfn)
    sum_sfn                                  0x0800599f   Thumb Code    26  ff.o(i.sum_sfn)
    i.sync_fs                                0x080059b8   Section        0  ff.o(i.sync_fs)
    sync_fs                                  0x080059b9   Thumb Code   126  ff.o(i.sync_fs)
    i.sync_window                            0x08005a40   Section        0  ff.o(i.sync_window)
    sync_window                              0x08005a41   Thumb Code    82  ff.o(i.sync_window)
    i.validate                               0x08005a92   Section        0  ff.o(i.validate)
    validate                                 0x08005a93   Thumb Code    52  ff.o(i.validate)
    .constdata                               0x08005ac8   Section      295  logger.o(.constdata)
    .constdata                               0x08005bef   Section        8  stm32f4xx_hal_dma.o(.constdata)
    flagBitshiftOffset                       0x08005bef   Data           8  stm32f4xx_hal_dma.o(.constdata)
    .constdata                               0x08005bf7   Section       16  system_stm32f4xx.o(.constdata)
    .constdata                               0x08005c07   Section        8  system_stm32f4xx.o(.constdata)
    .constdata                               0x08005c10   Section       42  ff.o(.constdata)
    LfnOfs                                   0x08005c10   Data          13  ff.o(.constdata)
    cst                                      0x08005c1e   Data          14  ff.o(.constdata)
    cst32                                    0x08005c2c   Data          14  ff.o(.constdata)
    .constdata                               0x08005c3a   Section    175030  cc936.o(.constdata)
    uni2oem                                  0x08005c3a   Data       87172  cc936.o(.constdata)
    oem2uni                                  0x0801b0be   Data       87172  cc936.o(.constdata)
    cvt1                                     0x08030542   Data         498  cc936.o(.constdata)
    cvt2                                     0x08030734   Data         188  cc936.o(.constdata)
    .constdata                               0x080307f0   Section       20  sd_diskio.o(.constdata)
    .conststring                             0x08030804   Section      252  logger.o(.conststring)
    .data                                    0x20000000   Section       72  exit.o(.data)
    .data                                    0x20000048   Section        8  tim.o(.data)
    .data                                    0x20000050   Section       20  logger.o(.data)
    .data                                    0x20000064   Section        8  main.o(.data)
    .data                                    0x2000006c   Section        5  fatfs.o(.data)
    .data                                    0x20000074   Section       12  stm32f4xx_hal.o(.data)
    .data                                    0x20000080   Section        4  system_stm32f4xx.o(.data)
    .data                                    0x20000084   Section        8  ff.o(.data)
    Fsid                                     0x20000084   Data           2  ff.o(.data)
    FatFs                                    0x20000088   Data           4  ff.o(.data)
    .data                                    0x2000008c   Section        1  sd_diskio.o(.data)
    Stat                                     0x2000008c   Data           1  sd_diskio.o(.data)
    .bss                                     0x20000090   Section      168  adc.o(.bss)
    .bss                                     0x20000138   Section      324  sdio.o(.bss)
    .bss                                     0x2000027c   Section      256  tim.o(.bss)
    .bss                                     0x2000037c   Section      204  usart.o(.bss)
    .bss                                     0x20000448   Section     1124  logger.o(.bss)
    .bss                                     0x200008ac   Section       20  main.o(.bss)
    .bss                                     0x200008c0   Section       32  ff.o(.bss)
    Files                                    0x200008c0   Data          32  ff.o(.bss)
    .bss                                     0x200008e0   Section       12  ff_gen_drv.o(.bss)
    STACK                                    0x200008f0   Section    49152  startup_stm32f415xx.o(STACK)

    Global Symbols

    Symbol Name                              Value     Ov Type        Size  Object(Section)

    BuildAttributes$$THM_ISAv4$E$P$D$K$B$S$7EM$VFPi3$EXTD16$VFPS$VFMA$PE$A:L22UL41UL21$X:L11$S22US41US21$IEEE1$IW$USESV6$~STKCKD$USESV7$~SHL$OTIME$ROPI$IEEEJ$EBA8$MICROLIB$REQ8$PRES8$EABIv2 0x00000000   Number         0  anon$$obj.o ABSOLUTE
    __ARM_use_no_argv                        0x00000000   Number         0  main.o ABSOLUTE
    __cpp_initialize__aeabi_                  - Undefined Weak Reference
    __cxa_finalize                            - Undefined Weak Reference
    __decompress                              - Undefined Weak Reference
    _clock_init                               - Undefined Weak Reference
    _microlib_exit                            - Undefined Weak Reference
    __Vectors_Size                           0x00000188   Number         0  startup_stm32f415xx.o ABSOLUTE
    __Vectors                                0x08000000   Data           4  startup_stm32f415xx.o(RESET)
    __Vectors_End                            0x08000188   Data           0  startup_stm32f415xx.o(RESET)
    __main                                   0x08000189   Thumb Code     0  entry.o(.ARM.Collect$$$$00000000)
    _main_stk                                0x08000189   Thumb Code     0  entry2.o(.ARM.Collect$$$$00000001)
    _main_scatterload                        0x0800018d   Thumb Code     0  entry5.o(.ARM.Collect$$$$00000004)
    __main_after_scatterload                 0x08000191   Thumb Code     0  entry5.o(.ARM.Collect$$$$00000004)
    _main_clock                              0x08000191   Thumb Code     0  entry7b.o(.ARM.Collect$$$$00000008)
    _main_cpp_init                           0x08000191   Thumb Code     0  entry8b.o(.ARM.Collect$$$$0000000A)
    _main_init                               0x08000191   Thumb Code     0  entry9a.o(.ARM.Collect$$$$0000000B)
    __rt_final_cpp                           0x08000199   Thumb Code     0  entry10a.o(.ARM.Collect$$$$0000000D)
    __rt_final_exit                          0x08000199   Thumb Code     0  entry11a.o(.ARM.Collect$$$$0000000F)
    Reset_Handler                            0x0800019d   Thumb Code     8  startup_stm32f415xx.o(.text)
    CAN1_RX0_IRQHandler                      0x080001b7   Thumb Code     0  startup_stm32f415xx.o(.text)
    CAN1_RX1_IRQHandler                      0x080001b7   Thumb Code     0  startup_stm32f415xx.o(.text)
    CAN1_SCE_IRQHandler                      0x080001b7   Thumb Code     0  startup_stm32f415xx.o(.text)
    CAN1_TX_IRQHandler                       0x080001b7   Thumb Code     0  startup_stm32f415xx.o(.text)
    CAN2_RX0_IRQHandler                      0x080001b7   Thumb Code     0  startup_stm32f415xx.o(.text)
    CAN2_RX1_IRQHandler                      0x080001b7   Thumb Code     0  startup_stm32f415xx.o(.text)
    CAN2_SCE_IRQHandler                      0x080001b7   Thumb Code     0  startup_stm32f415xx.o(.text)
    CAN2_TX_IRQHandler                       0x080001b7   Thumb Code     0  startup_stm32f415xx.o(.text)
    CRYP_IRQHandler                          0x080001b7   Thumb Code     0  startup_stm32f415xx.o(.text)
    DMA1_Stream0_IRQHandler                  0x080001b7   Thumb Code     0  startup_stm32f415xx.o(.text)
    DMA1_Stream1_IRQHandler                  0x080001b7   Thumb Code     0  startup_stm32f415xx.o(.text)
    DMA1_Stream2_IRQHandler                  0x080001b7   Thumb Code     0  startup_stm32f415xx.o(.text)
    DMA1_Stream3_IRQHandler                  0x080001b7   Thumb Code     0  startup_stm32f415xx.o(.text)
    DMA1_Stream4_IRQHandler                  0x080001b7   Thumb Code     0  startup_stm32f415xx.o(.text)
    DMA1_Stream5_IRQHandler                  0x080001b7   Thumb Code     0  startup_stm32f415xx.o(.text)
    DMA1_Stream6_IRQHandler                  0x080001b7   Thumb Code     0  startup_stm32f415xx.o(.text)
    DMA1_Stream7_IRQHandler                  0x080001b7   Thumb Code     0  startup_stm32f415xx.o(.text)
    DMA2_Stream1_IRQHandler                  0x080001b7   Thumb Code     0  startup_stm32f415xx.o(.text)
    DMA2_Stream2_IRQHandler                  0x080001b7   Thumb Code     0  startup_stm32f415xx.o(.text)
    DMA2_Stream4_IRQHandler                  0x080001b7   Thumb Code     0  startup_stm32f415xx.o(.text)
    DMA2_Stream5_IRQHandler                  0x080001b7   Thumb Code     0  startup_stm32f415xx.o(.text)
    DMA2_Stream7_IRQHandler                  0x080001b7   Thumb Code     0  startup_stm32f415xx.o(.text)
    EXTI2_IRQHandler                         0x080001b7   Thumb Code     0  startup_stm32f415xx.o(.text)
    EXTI3_IRQHandler                         0x080001b7   Thumb Code     0  startup_stm32f415xx.o(.text)
    EXTI4_IRQHandler                         0x080001b7   Thumb Code     0  startup_stm32f415xx.o(.text)
    EXTI9_5_IRQHandler                       0x080001b7   Thumb Code     0  startup_stm32f415xx.o(.text)
    FLASH_IRQHandler                         0x080001b7   Thumb Code     0  startup_stm32f415xx.o(.text)
    FMC_IRQHandler                           0x080001b7   Thumb Code     0  startup_stm32f415xx.o(.text)
    FPU_IRQHandler                           0x080001b7   Thumb Code     0  startup_stm32f415xx.o(.text)
    HASH_RNG_IRQHandler                      0x080001b7   Thumb Code     0  startup_stm32f415xx.o(.text)
    I2C1_ER_IRQHandler                       0x080001b7   Thumb Code     0  startup_stm32f415xx.o(.text)
    I2C1_EV_IRQHandler                       0x080001b7   Thumb Code     0  startup_stm32f415xx.o(.text)
    I2C2_ER_IRQHandler                       0x080001b7   Thumb Code     0  startup_stm32f415xx.o(.text)
    I2C2_EV_IRQHandler                       0x080001b7   Thumb Code     0  startup_stm32f415xx.o(.text)
    I2C3_ER_IRQHandler                       0x080001b7   Thumb Code     0  startup_stm32f415xx.o(.text)
    I2C3_EV_IRQHandler                       0x080001b7   Thumb Code     0  startup_stm32f415xx.o(.text)
    OTG_FS_IRQHandler                        0x080001b7   Thumb Code     0  startup_stm32f415xx.o(.text)
    OTG_FS_WKUP_IRQHandler                   0x080001b7   Thumb Code     0  startup_stm32f415xx.o(.text)
    OTG_HS_EP1_IN_IRQHandler                 0x080001b7   Thumb Code     0  startup_stm32f415xx.o(.text)
    OTG_HS_EP1_OUT_IRQHandler                0x080001b7   Thumb Code     0  startup_stm32f415xx.o(.text)
    OTG_HS_IRQHandler                        0x080001b7   Thumb Code     0  startup_stm32f415xx.o(.text)
    OTG_HS_WKUP_IRQHandler                   0x080001b7   Thumb Code     0  startup_stm32f415xx.o(.text)
    PVD_IRQHandler                           0x080001b7   Thumb Code     0  startup_stm32f415xx.o(.text)
    RCC_IRQHandler                           0x080001b7   Thumb Code     0  startup_stm32f415xx.o(.text)
    RTC_Alarm_IRQHandler                     0x080001b7   Thumb Code     0  startup_stm32f415xx.o(.text)
    RTC_WKUP_IRQHandler                      0x080001b7   Thumb Code     0  startup_stm32f415xx.o(.text)
    SPI1_IRQHandler                          0x080001b7   Thumb Code     0  startup_stm32f415xx.o(.text)
    SPI2_IRQHandler                          0x080001b7   Thumb Code     0  startup_stm32f415xx.o(.text)
    SPI3_IRQHandler                          0x080001b7   Thumb Code     0  startup_stm32f415xx.o(.text)
    TAMP_STAMP_IRQHandler                    0x080001b7   Thumb Code     0  startup_stm32f415xx.o(.text)
    TIM1_BRK_TIM9_IRQHandler                 0x080001b7   Thumb Code     0  startup_stm32f415xx.o(.text)
    TIM1_CC_IRQHandler                       0x080001b7   Thumb Code     0  startup_stm32f415xx.o(.text)
    TIM1_TRG_COM_TIM11_IRQHandler            0x080001b7   Thumb Code     0  startup_stm32f415xx.o(.text)
    TIM1_UP_TIM10_IRQHandler                 0x080001b7   Thumb Code     0  startup_stm32f415xx.o(.text)
    TIM2_IRQHandler                          0x080001b7   Thumb Code     0  startup_stm32f415xx.o(.text)
    TIM3_IRQHandler                          0x080001b7   Thumb Code     0  startup_stm32f415xx.o(.text)
    TIM4_IRQHandler                          0x080001b7   Thumb Code     0  startup_stm32f415xx.o(.text)
    TIM8_BRK_TIM12_IRQHandler                0x080001b7   Thumb Code     0  startup_stm32f415xx.o(.text)
    TIM8_CC_IRQHandler                       0x080001b7   Thumb Code     0  startup_stm32f415xx.o(.text)
    TIM8_TRG_COM_TIM14_IRQHandler            0x080001b7   Thumb Code     0  startup_stm32f415xx.o(.text)
    TIM8_UP_TIM13_IRQHandler                 0x080001b7   Thumb Code     0  startup_stm32f415xx.o(.text)
    UART4_IRQHandler                         0x080001b7   Thumb Code     0  startup_stm32f415xx.o(.text)
    UART5_IRQHandler                         0x080001b7   Thumb Code     0  startup_stm32f415xx.o(.text)
    USART1_IRQHandler                        0x080001b7   Thumb Code     0  startup_stm32f415xx.o(.text)
    USART3_IRQHandler                        0x080001b7   Thumb Code     0  startup_stm32f415xx.o(.text)
    USART6_IRQHandler                        0x080001b7   Thumb Code     0  startup_stm32f415xx.o(.text)
    WWDG_IRQHandler                          0x080001b7   Thumb Code     0  startup_stm32f415xx.o(.text)
    __aeabi_uldivmod                         0x080001c1   Thumb Code    98  uldiv.o(.text)
    __aeabi_memset                           0x08000223   Thumb Code    14  memseta.o(.text)
    __aeabi_memset4                          0x08000223   Thumb Code     0  memseta.o(.text)
    __aeabi_memset8                          0x08000223   Thumb Code     0  memseta.o(.text)
    __aeabi_memclr                           0x08000231   Thumb Code     4  memseta.o(.text)
    __aeabi_memclr4                          0x08000231   Thumb Code     0  memseta.o(.text)
    __aeabi_memclr8                          0x08000231   Thumb Code     0  memseta.o(.text)
    _memset$wrapper                          0x08000235   Thumb Code    18  memseta.o(.text)
    strncpy                                  0x08000247   Thumb Code    24  strncpy.o(.text)
    __aeabi_dmul                             0x0800025f   Thumb Code   228  dmul.o(.text)
    __aeabi_ui2d                             0x08000343   Thumb Code    26  dfltui.o(.text)
    __aeabi_d2uiz                            0x0800035d   Thumb Code    50  dfixui.o(.text)
    __aeabi_llsl                             0x0800038f   Thumb Code    30  llshl.o(.text)
    _ll_shift_l                              0x0800038f   Thumb Code     0  llshl.o(.text)
    __aeabi_llsr                             0x080003ad   Thumb Code    32  llushr.o(.text)
    _ll_ushift_r                             0x080003ad   Thumb Code     0  llushr.o(.text)
    __I$use$fp                               0x080003cd   Thumb Code     0  iusefp.o(.text)
    _double_round                            0x080003cd   Thumb Code    30  depilogue.o(.text)
    _double_epilogue                         0x080003eb   Thumb Code   156  depilogue.o(.text)
    __scatterload                            0x08000489   Thumb Code    28  init.o(.text)
    __scatterload_rt2                        0x08000489   Thumb Code     0  init.o(.text)
    ADC_IRQHandler                           0x0800053d   Thumb Code     6  stm32f4xx_it.o(i.ADC_IRQHandler)
    BSP_PlatformIsDetected                   0x08000671   Thumb Code    22  fatfs_platform.o(i.BSP_PlatformIsDetected)
    BSP_SD_AbortCallback                     0x0800068d   Thumb Code     2  bsp_driver_sd.o(i.BSP_SD_AbortCallback)
    BSP_SD_GetCardInfo                       0x08000691   Thumb Code     8  bsp_driver_sd.o(i.BSP_SD_GetCardInfo)
    BSP_SD_GetCardState                      0x0800069d   Thumb Code    20  bsp_driver_sd.o(i.BSP_SD_GetCardState)
    BSP_SD_Init                              0x080006b5   Thumb Code    42  bsp_driver_sd.o(i.BSP_SD_Init)
    BSP_SD_IsDetected                        0x080006e5   Thumb Code    26  bsp_driver_sd.o(i.BSP_SD_IsDetected)
    BSP_SD_ReadBlocks                        0x08000701   Thumb Code    26  bsp_driver_sd.o(i.BSP_SD_ReadBlocks)
    BSP_SD_ReadCpltCallback                  0x08000721   Thumb Code     2  bsp_driver_sd.o(i.BSP_SD_ReadCpltCallback)
    BSP_SD_WriteBlocks                       0x08000725   Thumb Code    26  bsp_driver_sd.o(i.BSP_SD_WriteBlocks)
    BSP_SD_WriteCpltCallback                 0x08000745   Thumb Code     2  bsp_driver_sd.o(i.BSP_SD_WriteCpltCallback)
    BusFault_Handler                         0x08000747   Thumb Code     2  stm32f4xx_it.o(i.BusFault_Handler)
    DMA2_Stream0_IRQHandler                  0x08000749   Thumb Code     6  stm32f4xx_it.o(i.DMA2_Stream0_IRQHandler)
    DMA2_Stream3_IRQHandler                  0x08000755   Thumb Code     6  stm32f4xx_it.o(i.DMA2_Stream3_IRQHandler)
    DMA2_Stream6_IRQHandler                  0x08000761   Thumb Code     6  stm32f4xx_it.o(i.DMA2_Stream6_IRQHandler)
    DebugMon_Handler                         0x08000811   Thumb Code     2  stm32f4xx_it.o(i.DebugMon_Handler)
    EXTI0_IRQHandler                         0x08000813   Thumb Code     6  stm32f4xx_it.o(i.EXTI0_IRQHandler)
    EXTI15_10_IRQHandler                     0x08000819   Thumb Code     8  stm32f4xx_it.o(i.EXTI15_10_IRQHandler)
    EXTI1_IRQHandler                         0x08000821   Thumb Code     6  stm32f4xx_it.o(i.EXTI1_IRQHandler)
    Error_Handler                            0x08000827   Thumb Code     2  main.o(i.Error_Handler)
    FATFS_LinkDriver                         0x08000829   Thumb Code     6  ff_gen_drv.o(i.FATFS_LinkDriver)
    FATFS_LinkDriverEx                       0x08000831   Thumb Code    58  ff_gen_drv.o(i.FATFS_LinkDriverEx)
    Fill_Format                              0x08000871   Thumb Code    72  logger.o(i.Fill_Format)
    GetMicros                                0x080008b9   Thumb Code    38  tim.o(i.GetMicros)
    HAL_ADCEx_InjectedConvCpltCallback       0x080008e9   Thumb Code     2  stm32f4xx_hal_adc_ex.o(i.HAL_ADCEx_InjectedConvCpltCallback)
    HAL_ADC_ConfigChannel                    0x080008ed   Thumb Code   316  stm32f4xx_hal_adc.o(i.HAL_ADC_ConfigChannel)
    HAL_ADC_ConvCpltCallback                 0x08000a39   Thumb Code     2  stm32f4xx_hal_adc.o(i.HAL_ADC_ConvCpltCallback)
    HAL_ADC_ConvHalfCpltCallback             0x08000a3b   Thumb Code     2  stm32f4xx_hal_adc.o(i.HAL_ADC_ConvHalfCpltCallback)
    HAL_ADC_ErrorCallback                    0x08000a3d   Thumb Code     2  stm32f4xx_hal_adc.o(i.HAL_ADC_ErrorCallback)
    HAL_ADC_IRQHandler                       0x08000a3f   Thumb Code   316  stm32f4xx_hal_adc.o(i.HAL_ADC_IRQHandler)
    HAL_ADC_Init                             0x08000b7b   Thumb Code    84  stm32f4xx_hal_adc.o(i.HAL_ADC_Init)
    HAL_ADC_LevelOutOfWindowCallback         0x08000bcf   Thumb Code     2  stm32f4xx_hal_adc.o(i.HAL_ADC_LevelOutOfWindowCallback)
    HAL_ADC_MspInit                          0x08000bd1   Thumb Code   150  adc.o(i.HAL_ADC_MspInit)
    HAL_ADC_Start_DMA                        0x08000c7d   Thumb Code   268  stm32f4xx_hal_adc.o(i.HAL_ADC_Start_DMA)
    HAL_DMA_Abort_IT                         0x08000dad   Thumb Code    36  stm32f4xx_hal_dma.o(i.HAL_DMA_Abort_IT)
    HAL_DMA_IRQHandler                       0x08000dd1   Thumb Code   412  stm32f4xx_hal_dma.o(i.HAL_DMA_IRQHandler)
    HAL_DMA_Init                             0x08000f71   Thumb Code   206  stm32f4xx_hal_dma.o(i.HAL_DMA_Init)
    HAL_DMA_Start_IT                         0x08001045   Thumb Code   110  stm32f4xx_hal_dma.o(i.HAL_DMA_Start_IT)
    HAL_Delay                                0x080010b5   Thumb Code    32  stm32f4xx_hal.o(i.HAL_Delay)
    HAL_GPIO_EXTI_Callback                   0x080010d9   Thumb Code   196  exit.o(i.HAL_GPIO_EXTI_Callback)
    HAL_GPIO_EXTI_IRQHandler                 0x080011a5   Thumb Code    18  stm32f4xx_hal_gpio.o(i.HAL_GPIO_EXTI_IRQHandler)
    HAL_GPIO_Init                            0x080011bd   Thumb Code   394  stm32f4xx_hal_gpio.o(i.HAL_GPIO_Init)
    HAL_GPIO_ReadPin                         0x08001375   Thumb Code    10  stm32f4xx_hal_gpio.o(i.HAL_GPIO_ReadPin)
    HAL_GPIO_TogglePin                       0x0800137f   Thumb Code    14  stm32f4xx_hal_gpio.o(i.HAL_GPIO_TogglePin)
    HAL_GPIO_WritePin                        0x0800138d   Thumb Code    10  stm32f4xx_hal_gpio.o(i.HAL_GPIO_WritePin)
    HAL_GetTick                              0x08001399   Thumb Code     6  stm32f4xx_hal.o(i.HAL_GetTick)
    HAL_IncTick                              0x080013a5   Thumb Code    12  stm32f4xx_hal.o(i.HAL_IncTick)
    HAL_Init                                 0x080013b5   Thumb Code    48  stm32f4xx_hal.o(i.HAL_Init)
    HAL_InitTick                             0x080013e9   Thumb Code    54  stm32f4xx_hal.o(i.HAL_InitTick)
    HAL_MspInit                              0x08001429   Thumb Code    42  stm32f4xx_hal_msp.o(i.HAL_MspInit)
    HAL_NVIC_EnableIRQ                       0x08001459   Thumb Code    26  stm32f4xx_hal_cortex.o(i.HAL_NVIC_EnableIRQ)
    HAL_NVIC_SetPriority                     0x08001475   Thumb Code    60  stm32f4xx_hal_cortex.o(i.HAL_NVIC_SetPriority)
    HAL_NVIC_SetPriorityGrouping             0x080014b5   Thumb Code    26  stm32f4xx_hal_cortex.o(i.HAL_NVIC_SetPriorityGrouping)
    HAL_RCC_ClockConfig                      0x080014d9   Thumb Code   288  stm32f4xx_hal_rcc.o(i.HAL_RCC_ClockConfig)
    HAL_RCC_GetPCLK1Freq                     0x0800160d   Thumb Code    20  stm32f4xx_hal_rcc.o(i.HAL_RCC_GetPCLK1Freq)
    HAL_RCC_GetPCLK2Freq                     0x0800162d   Thumb Code    20  stm32f4xx_hal_rcc.o(i.HAL_RCC_GetPCLK2Freq)
    HAL_RCC_GetSysClockFreq                  0x0800164d   Thumb Code    88  stm32f4xx_hal_rcc.o(i.HAL_RCC_GetSysClockFreq)
    HAL_RCC_OscConfig                        0x080016b1   Thumb Code   840  stm32f4xx_hal_rcc.o(i.HAL_RCC_OscConfig)
    HAL_SD_AbortCallback                     0x08001a0d   Thumb Code     8  bsp_driver_sd.o(i.HAL_SD_AbortCallback)
    HAL_SD_ConfigWideBusOperation            0x08001a15   Thumb Code   238  stm32f4xx_hal_sd.o(i.HAL_SD_ConfigWideBusOperation)
    HAL_SD_ErrorCallback                     0x08001b09   Thumb Code     2  stm32f4xx_hal_sd.o(i.HAL_SD_ErrorCallback)
    HAL_SD_GetCardCSD                        0x08001b0d   Thumb Code   402  stm32f4xx_hal_sd.o(i.HAL_SD_GetCardCSD)
    HAL_SD_GetCardInfo                       0x08001ca5   Thumb Code    36  stm32f4xx_hal_sd.o(i.HAL_SD_GetCardInfo)
    HAL_SD_GetCardState                      0x08001cc9   Thumb Code    44  stm32f4xx_hal_sd.o(i.HAL_SD_GetCardState)
    HAL_SD_IRQHandler                        0x08001cf5   Thumb Code   512  stm32f4xx_hal_sd.o(i.HAL_SD_IRQHandler)
    HAL_SD_Init                              0x08001efd   Thumb Code    54  stm32f4xx_hal_sd.o(i.HAL_SD_Init)
    HAL_SD_InitCard                          0x08001f35   Thumb Code    78  stm32f4xx_hal_sd.o(i.HAL_SD_InitCard)
    HAL_SD_MspInit                           0x08001f89   Thumb Code   300  sdio.o(i.HAL_SD_MspInit)
    HAL_SD_ReadBlocks                        0x080020cd   Thumb Code   500  stm32f4xx_hal_sd.o(i.HAL_SD_ReadBlocks)
    HAL_SD_RxCpltCallback                    0x080022c5   Thumb Code     8  bsp_driver_sd.o(i.HAL_SD_RxCpltCallback)
    HAL_SD_TxCpltCallback                    0x080022cd   Thumb Code     8  bsp_driver_sd.o(i.HAL_SD_TxCpltCallback)
    HAL_SD_WriteBlocks                       0x080022d5   Thumb Code   454  stm32f4xx_hal_sd.o(i.HAL_SD_WriteBlocks)
    HAL_SYSTICK_Config                       0x080024a1   Thumb Code    40  stm32f4xx_hal_cortex.o(i.HAL_SYSTICK_Config)
    HAL_TIMEx_BreakCallback                  0x080024c9   Thumb Code     2  stm32f4xx_hal_tim_ex.o(i.HAL_TIMEx_BreakCallback)
    HAL_TIMEx_CommutCallback                 0x080024cb   Thumb Code     2  stm32f4xx_hal_tim_ex.o(i.HAL_TIMEx_CommutCallback)
    HAL_TIMEx_MasterConfigSynchronization    0x080024cd   Thumb Code   116  stm32f4xx_hal_tim_ex.o(i.HAL_TIMEx_MasterConfigSynchronization)
    HAL_TIM_Base_Init                        0x0800255d   Thumb Code    54  stm32f4xx_hal_tim.o(i.HAL_TIM_Base_Init)
    HAL_TIM_Base_MspInit                     0x08002595   Thumb Code   122  tim.o(i.HAL_TIM_Base_MspInit)
    HAL_TIM_Base_Start_IT                    0x08002621   Thumb Code    34  stm32f4xx_hal_tim.o(i.HAL_TIM_Base_Start_IT)
    HAL_TIM_IC_CaptureCallback               0x08002643   Thumb Code     2  stm32f4xx_hal_tim.o(i.HAL_TIM_IC_CaptureCallback)
    HAL_TIM_IRQHandler                       0x08002645   Thumb Code   358  stm32f4xx_hal_tim.o(i.HAL_TIM_IRQHandler)
    HAL_TIM_MspPostInit                      0x080027ad   Thumb Code    68  tim.o(i.HAL_TIM_MspPostInit)
    HAL_TIM_OC_DelayElapsedCallback          0x080027fd   Thumb Code     2  stm32f4xx_hal_tim.o(i.HAL_TIM_OC_DelayElapsedCallback)
    HAL_TIM_PWM_ConfigChannel                0x080027ff   Thumb Code   208  stm32f4xx_hal_tim.o(i.HAL_TIM_PWM_ConfigChannel)
    HAL_TIM_PWM_Init                         0x080028cf   Thumb Code    54  stm32f4xx_hal_tim.o(i.HAL_TIM_PWM_Init)
    HAL_TIM_PWM_MspInit                      0x08002905   Thumb Code    30  tim.o(i.HAL_TIM_PWM_MspInit)
    HAL_TIM_PWM_PulseFinishedCallback        0x0800292d   Thumb Code     2  stm32f4xx_hal_tim.o(i.HAL_TIM_PWM_PulseFinishedCallback)
    HAL_TIM_PWM_Start                        0x08002931   Thumb Code    58  stm32f4xx_hal_tim.o(i.HAL_TIM_PWM_Start)
    HAL_TIM_PeriodElapsedCallback            0x08002975   Thumb Code    42  tim.o(i.HAL_TIM_PeriodElapsedCallback)
    HAL_TIM_TriggerCallback                  0x080029ad   Thumb Code     2  stm32f4xx_hal_tim.o(i.HAL_TIM_TriggerCallback)
    HAL_UART_Init                            0x080029af   Thumb Code    98  stm32f4xx_hal_uart.o(i.HAL_UART_Init)
    HAL_UART_MspInit                         0x08002a11   Thumb Code   108  usart.o(i.HAL_UART_MspInit)
    HardFault_Handler                        0x08002a89   Thumb Code     2  stm32f4xx_it.o(i.HardFault_Handler)
    Log_Init                                 0x08002a8d   Thumb Code    86  logger.o(i.Log_Init)
    MX_ADC1_Init                             0x08002afd   Thumb Code   170  adc.o(i.MX_ADC1_Init)
    MX_DMA_Init                              0x08002bb5   Thumb Code    72  dma.o(i.MX_DMA_Init)
    MX_EXIT_Init                             0x08002c01   Thumb Code   186  exit.o(i.MX_EXIT_Init)
    MX_FATFS_Init                            0x08002cc9   Thumb Code    18  fatfs.o(i.MX_FATFS_Init)
    MX_GPIO_Init                             0x08002ce5   Thumb Code   180  gpio.o(i.MX_GPIO_Init)
    MX_SDIO_SD_Init                          0x08002da5   Thumb Code    22  sdio.o(i.MX_SDIO_SD_Init)
    MX_TIM3_Init                             0x08002dc5   Thumb Code   110  tim.o(i.MX_TIM3_Init)
    MX_TIM6_Init                             0x08002e3d   Thumb Code    60  tim.o(i.MX_TIM6_Init)
    MX_TIM7_Init                             0x08002e81   Thumb Code    60  tim.o(i.MX_TIM7_Init)
    MX_USART2_UART_Init                      0x08002ec5   Thumb Code    54  usart.o(i.MX_USART2_UART_Init)
    MemManage_Handler                        0x08002f05   Thumb Code     2  stm32f4xx_it.o(i.MemManage_Handler)
    NMI_Handler                              0x08002f07   Thumb Code     2  stm32f4xx_it.o(i.NMI_Handler)
    PendSV_Handler                           0x08002f09   Thumb Code     2  stm32f4xx_it.o(i.PendSV_Handler)
    SDIO_ConfigData                          0x08002f0b   Thumb Code    36  stm32f4xx_ll_sdmmc.o(i.SDIO_ConfigData)
    SDIO_GetPowerState                       0x08002f2f   Thumb Code     8  stm32f4xx_ll_sdmmc.o(i.SDIO_GetPowerState)
    SDIO_GetResponse                         0x08002f37   Thumb Code     6  stm32f4xx_ll_sdmmc.o(i.SDIO_GetResponse)
    SDIO_IRQHandler                          0x08002f3d   Thumb Code     6  stm32f4xx_it.o(i.SDIO_IRQHandler)
    SDIO_Init                                0x08002f49   Thumb Code    36  stm32f4xx_ll_sdmmc.o(i.SDIO_Init)
    SDIO_PowerState_ON                       0x08002f6d   Thumb Code    16  stm32f4xx_ll_sdmmc.o(i.SDIO_PowerState_ON)
    SDIO_ReadFIFO                            0x08002f7d   Thumb Code     6  stm32f4xx_ll_sdmmc.o(i.SDIO_ReadFIFO)
    SDIO_SendCommand                         0x08002f83   Thumb Code    32  stm32f4xx_ll_sdmmc.o(i.SDIO_SendCommand)
    SDIO_WriteFIFO                           0x08002fa3   Thumb Code    10  stm32f4xx_ll_sdmmc.o(i.SDIO_WriteFIFO)
    SDMMC_CmdAppCommand                      0x08002fad   Thumb Code    50  stm32f4xx_ll_sdmmc.o(i.SDMMC_CmdAppCommand)
    SDMMC_CmdAppOperCommand                  0x08002fe1   Thumb Code    48  stm32f4xx_ll_sdmmc.o(i.SDMMC_CmdAppOperCommand)
    SDMMC_CmdBlockLength                     0x08003015   Thumb Code    50  stm32f4xx_ll_sdmmc.o(i.SDMMC_CmdBlockLength)
    SDMMC_CmdBusWidth                        0x08003047   Thumb Code    50  stm32f4xx_ll_sdmmc.o(i.SDMMC_CmdBusWidth)
    SDMMC_CmdGoIdleState                     0x08003079   Thumb Code    74  stm32f4xx_ll_sdmmc.o(i.SDMMC_CmdGoIdleState)
    SDMMC_CmdOperCond                        0x080030c9   Thumb Code   112  stm32f4xx_ll_sdmmc.o(i.SDMMC_CmdOperCond)
    SDMMC_CmdReadMultiBlock                  0x0800313d   Thumb Code    50  stm32f4xx_ll_sdmmc.o(i.SDMMC_CmdReadMultiBlock)
    SDMMC_CmdReadSingleBlock                 0x0800316f   Thumb Code    50  stm32f4xx_ll_sdmmc.o(i.SDMMC_CmdReadSingleBlock)
    SDMMC_CmdSelDesel                        0x080031a1   Thumb Code    50  stm32f4xx_ll_sdmmc.o(i.SDMMC_CmdSelDesel)
    SDMMC_CmdSendCID                         0x080031d3   Thumb Code    44  stm32f4xx_ll_sdmmc.o(i.SDMMC_CmdSendCID)
    SDMMC_CmdSendCSD                         0x080031ff   Thumb Code    44  stm32f4xx_ll_sdmmc.o(i.SDMMC_CmdSendCSD)
    SDMMC_CmdSendSCR                         0x0800322b   Thumb Code    48  stm32f4xx_ll_sdmmc.o(i.SDMMC_CmdSendSCR)
    SDMMC_CmdSendStatus                      0x0800325b   Thumb Code    50  stm32f4xx_ll_sdmmc.o(i.SDMMC_CmdSendStatus)
    SDMMC_CmdSetRelAdd                       0x0800328d   Thumb Code    48  stm32f4xx_ll_sdmmc.o(i.SDMMC_CmdSetRelAdd)
    SDMMC_CmdStopTransfer                    0x080032bd   Thumb Code    46  stm32f4xx_ll_sdmmc.o(i.SDMMC_CmdStopTransfer)
    SDMMC_CmdWriteMultiBlock                 0x080032f1   Thumb Code    50  stm32f4xx_ll_sdmmc.o(i.SDMMC_CmdWriteMultiBlock)
    SDMMC_CmdWriteSingleBlock                0x08003323   Thumb Code    50  stm32f4xx_ll_sdmmc.o(i.SDMMC_CmdWriteSingleBlock)
    SD_initialize                            0x080038b1   Thumb Code    28  sd_diskio.o(i.SD_initialize)
    SD_ioctl                                 0x080038d1   Thumb Code    76  sd_diskio.o(i.SD_ioctl)
    SD_read                                  0x08003921   Thumb Code    38  sd_diskio.o(i.SD_read)
    SD_status                                0x08003947   Thumb Code     4  sd_diskio.o(i.SD_status)
    SD_write                                 0x0800394d   Thumb Code    38  sd_diskio.o(i.SD_write)
    SVC_Handler                              0x08003973   Thumb Code     2  stm32f4xx_it.o(i.SVC_Handler)
    SysTick_Handler                          0x08003975   Thumb Code     4  stm32f4xx_it.o(i.SysTick_Handler)
    SystemClock_Config                       0x08003979   Thumb Code   124  main.o(i.SystemClock_Config)
    SystemInit                               0x080039fd   Thumb Code    22  system_stm32f4xx.o(i.SystemInit)
    TIM5_IRQHandler                          0x08003a19   Thumb Code     6  stm32f4xx_it.o(i.TIM5_IRQHandler)
    TIM6_DAC_IRQHandler                      0x08003a25   Thumb Code     6  stm32f4xx_it.o(i.TIM6_DAC_IRQHandler)
    TIM7_IRQHandler                          0x08003a31   Thumb Code     6  stm32f4xx_it.o(i.TIM7_IRQHandler)
    TIM_Base_SetConfig                       0x08003a3d   Thumb Code   156  stm32f4xx_hal_tim.o(i.TIM_Base_SetConfig)
    TIM_CCxChannelCmd                        0x08003b05   Thumb Code    26  stm32f4xx_hal_tim.o(i.TIM_CCxChannelCmd)
    TIM_OC2_SetConfig                        0x08003b81   Thumb Code    98  stm32f4xx_hal_tim.o(i.TIM_OC2_SetConfig)
    USART2_IRQHandler                        0x08003dcd   Thumb Code    52  usart.o(i.USART2_IRQHandler)
    UsageFault_Handler                       0x08003e05   Thumb Code     2  stm32f4xx_it.o(i.UsageFault_Handler)
    Wait_processing                          0x08003e09   Thumb Code    18  tim.o(i.Wait_processing)
    WriteBlock                               0x08003e21   Thumb Code   176  logger.o(i.WriteBlock)
    Write_Format                             0x08003ef1   Thumb Code    22  logger.o(i.Write_Format)
    Write_Test                               0x08003f09   Thumb Code    32  logger.o(i.Write_Test)
    __scatterload_copy                       0x08003f4d   Thumb Code    14  handlers.o(i.__scatterload_copy)
    __scatterload_null                       0x08003f5b   Thumb Code     2  handlers.o(i.__scatterload_null)
    __scatterload_zeroinit                   0x08003f5d   Thumb Code    14  handlers.o(i.__scatterload_zeroinit)
    disk_initialize                          0x08004971   Thumb Code    36  diskio.o(i.disk_initialize)
    disk_ioctl                               0x08004999   Thumb Code    24  diskio.o(i.disk_ioctl)
    disk_read                                0x080049b5   Thumb Code    24  diskio.o(i.disk_read)
    disk_status                              0x080049d1   Thumb Code    18  diskio.o(i.disk_status)
    disk_write                               0x080049e9   Thumb Code    24  diskio.o(i.disk_write)
    f_close                                  0x08004a05   Thumb Code    40  ff.o(i.f_close)
    f_getfree                                0x08004a2d   Thumb Code   212  ff.o(i.f_getfree)
    f_mount                                  0x08004b01   Thumb Code    84  ff.o(i.f_mount)
    f_open                                   0x08004b59   Thumb Code   528  ff.o(i.f_open)
    f_sync                                   0x08004d6d   Thumb Code   142  ff.o(i.f_sync)
    f_unlink                                 0x08004dfb   Thumb Code   166  ff.o(i.f_unlink)
    f_write                                  0x08004ea1   Thumb Code   398  ff.o(i.f_write)
    ff_convert                               0x08005031   Thumb Code    68  cc936.o(i.ff_convert)
    ff_wtoupper                              0x0800507d   Thumb Code   120  cc936.o(i.ff_wtoupper)
    fifoBuf_getFree                          0x080050fd   Thumb Code    14  fifo_buffer.o(i.fifoBuf_getFree)
    fifoBuf_getUsed                          0x0800510b   Thumb Code    30  fifo_buffer.o(i.fifoBuf_getUsed)
    fifoBuf_putByte                          0x08005129   Thumb Code    44  fifo_buffer.o(i.fifoBuf_putByte)
    get_fattime                              0x08005567   Thumb Code     4  fatfs.o(i.get_fattime)
    main                                     0x08005671   Thumb Code   172  main.o(i.main)
    log_structure                            0x08005ac8   Data         176  logger.o(.constdata)
    AHBPrescTable                            0x08005bf7   Data          16  system_stm32f4xx.o(.constdata)
    APBPrescTable                            0x08005c07   Data           8  system_stm32f4xx.o(.constdata)
    SD_Driver                                0x080307f0   Data          20  sd_diskio.o(.constdata)
    Region$$Table$$Base                      0x08030900   Number         0  anon$$obj.o(Region$$Table)
    Region$$Table$$Limit                     0x08030920   Number         0  anon$$obj.o(Region$$Table)
    pwm_in_mode_high                         0x20000000   Data           8  exit.o(.data)
    pwm_in_mode_low                          0x20000008   Data           8  exit.o(.data)
    pwm_in_mode_plus                         0x20000010   Data           8  exit.o(.data)
    pwm_in_throttle_high                     0x20000018   Data           8  exit.o(.data)
    pwm_in_throttle_low                      0x20000020   Data           8  exit.o(.data)
    pwm_in_throttle_plus                     0x20000028   Data           8  exit.o(.data)
    pwm_in_speed_high                        0x20000030   Data           8  exit.o(.data)
    pwm_in_speed_low                         0x20000038   Data           8  exit.o(.data)
    pwm_in_speed_plus                        0x20000040   Data           8  exit.o(.data)
    glo_50ms                                 0x20000048   Data           8  tim.o(.data)
    pfs                                      0x20000050   Data           4  logger.o(.data)
    fre_clust                                0x20000054   Data           4  logger.o(.data)
    totalSpace                               0x20000058   Data           4  logger.o(.data)
    freeSpace                                0x2000005c   Data           4  logger.o(.data)
    bw                                       0x20000060   Data           4  logger.o(.data)
    loop_idx20ms                             0x20000064   Data           4  main.o(.data)
    loop_idx500ms                            0x20000068   Data           4  main.o(.data)
    retSD                                    0x2000006c   Data           1  fatfs.o(.data)
    SDPath                                   0x2000006d   Data           4  fatfs.o(.data)
    uwTickFreq                               0x20000074   Data           1  stm32f4xx_hal.o(.data)
    uwTickPrio                               0x20000078   Data           4  stm32f4xx_hal.o(.data)
    uwTick                                   0x2000007c   Data           4  stm32f4xx_hal.o(.data)
    SystemCoreClock                          0x20000080   Data           4  system_stm32f4xx.o(.data)
    hadc1                                    0x20000090   Data          72  adc.o(.bss)
    hdma_adc1                                0x200000d8   Data          96  adc.o(.bss)
    hsd                                      0x20000138   Data         132  sdio.o(.bss)
    hdma_sdio_rx                             0x200001bc   Data          96  sdio.o(.bss)
    hdma_sdio_tx                             0x2000021c   Data          96  sdio.o(.bss)
    htim3                                    0x2000027c   Data          64  tim.o(.bss)
    htim5                                    0x200002bc   Data          64  tim.o(.bss)
    htim6                                    0x200002fc   Data          64  tim.o(.bss)
    htim7                                    0x2000033c   Data          64  tim.o(.bss)
    rx_fifo_uart2                            0x2000037c   Data          12  usart.o(.bss)
    rx_buff_uart2                            0x20000388   Data         128  usart.o(.bss)
    huart2                                   0x20000408   Data          64  usart.o(.bss)
    fs                                       0x20000448   Data         564  logger.o(.bss)
    fil                                      0x2000067c   Data         560  logger.o(.bss)
    ADC_Value                                0x200008ac   Data          20  main.o(.bss)
    disk                                     0x200008e0   Data          12  ff_gen_drv.o(.bss)
    __initial_sp                             0x2000c8f0   Data           0  startup_stm32f415xx.o(STACK)



==============================================================================

Memory Map of the image

  Image Entry point : 0x08000189

  Load Region LR_IROM1 (Base: 0x08000000, Size: 0x000309b0, Max: 0x00100000, ABSOLUTE)

    Execution Region ER_IROM1 (Exec base: 0x08000000, Load base: 0x08000000, Size: 0x00030920, Max: 0x00100000, ABSOLUTE)

    Exec Addr    Load Addr    Size         Type   Attr      Idx    E Section Name        Object

    0x08000000   0x08000000   0x00000188   Data   RO            3    RESET               startup_stm32f415xx.o
    0x08000188   0x08000188   0x00000000   Code   RO         5120  * .ARM.Collect$$$$00000000  mc_w.l(entry.o)
    0x08000188   0x08000188   0x00000004   Code   RO         5145    .ARM.Collect$$$$00000001  mc_w.l(entry2.o)
    0x0800018c   0x0800018c   0x00000004   Code   RO         5148    .ARM.Collect$$$$00000004  mc_w.l(entry5.o)
    0x08000190   0x08000190   0x00000000   Code   RO         5150    .ARM.Collect$$$$00000008  mc_w.l(entry7b.o)
    0x08000190   0x08000190   0x00000000   Code   RO         5152    .ARM.Collect$$$$0000000A  mc_w.l(entry8b.o)
    0x08000190   0x08000190   0x00000008   Code   RO         5153    .ARM.Collect$$$$0000000B  mc_w.l(entry9a.o)
    0x08000198   0x08000198   0x00000000   Code   RO         5155    .ARM.Collect$$$$0000000D  mc_w.l(entry10a.o)
    0x08000198   0x08000198   0x00000000   Code   RO         5157    .ARM.Collect$$$$0000000F  mc_w.l(entry11a.o)
    0x08000198   0x08000198   0x00000004   Code   RO         5146    .ARM.Collect$$$$00002712  mc_w.l(entry2.o)
    0x0800019c   0x0800019c   0x00000024   Code   RO            4    .text               startup_stm32f415xx.o
    0x080001c0   0x080001c0   0x00000062   Code   RO         5123    .text               mc_w.l(uldiv.o)
    0x08000222   0x08000222   0x00000024   Code   RO         5127    .text               mc_w.l(memseta.o)
    0x08000246   0x08000246   0x00000018   Code   RO         5129    .text               mc_w.l(strncpy.o)
    0x0800025e   0x0800025e   0x000000e4   Code   RO         5133    .text               mf_w.l(dmul.o)
    0x08000342   0x08000342   0x0000001a   Code   RO         5137    .text               mf_w.l(dfltui.o)
    0x0800035c   0x0800035c   0x00000032   Code   RO         5139    .text               mf_w.l(dfixui.o)
    0x0800038e   0x0800038e   0x0000001e   Code   RO         5159    .text               mc_w.l(llshl.o)
    0x080003ac   0x080003ac   0x00000020   Code   RO         5161    .text               mc_w.l(llushr.o)
    0x080003cc   0x080003cc   0x00000000   Code   RO         5170    .text               mc_w.l(iusefp.o)
    0x080003cc   0x080003cc   0x000000ba   Code   RO         5173    .text               mf_w.l(depilogue.o)
    0x08000486   0x08000486   0x00000002   PAD
    0x08000488   0x08000488   0x00000024   Code   RO         5179    .text               mc_w.l(init.o)
    0x080004ac   0x080004ac   0x0000006e   Code   RO         1200    i.ADC_DMAConvCplt   stm32f4xx_hal_adc.o
    0x0800051a   0x0800051a   0x00000016   Code   RO         1201    i.ADC_DMAError      stm32f4xx_hal_adc.o
    0x08000530   0x08000530   0x0000000a   Code   RO         1202    i.ADC_DMAHalfConvCplt  stm32f4xx_hal_adc.o
    0x0800053a   0x0800053a   0x00000002   PAD
    0x0800053c   0x0800053c   0x0000000c   Code   RO          971    i.ADC_IRQHandler    stm32f4xx_it.o
    0x08000548   0x08000548   0x00000128   Code   RO         1203    i.ADC_Init          stm32f4xx_hal_adc.o
    0x08000670   0x08000670   0x0000001c   Code   RO         5087    i.BSP_PlatformIsDetected  fatfs_platform.o
    0x0800068c   0x0800068c   0x00000002   Code   RO         4906    i.BSP_SD_AbortCallback  bsp_driver_sd.o
    0x0800068e   0x0800068e   0x00000002   PAD
    0x08000690   0x08000690   0x0000000c   Code   RO         4909    i.BSP_SD_GetCardInfo  bsp_driver_sd.o
    0x0800069c   0x0800069c   0x00000018   Code   RO         4910    i.BSP_SD_GetCardState  bsp_driver_sd.o
    0x080006b4   0x080006b4   0x00000030   Code   RO         4912    i.BSP_SD_Init       bsp_driver_sd.o
    0x080006e4   0x080006e4   0x0000001a   Code   RO         4913    i.BSP_SD_IsDetected  bsp_driver_sd.o
    0x080006fe   0x080006fe   0x00000002   PAD
    0x08000700   0x08000700   0x00000020   Code   RO         4914    i.BSP_SD_ReadBlocks  bsp_driver_sd.o
    0x08000720   0x08000720   0x00000002   Code   RO         4916    i.BSP_SD_ReadCpltCallback  bsp_driver_sd.o
    0x08000722   0x08000722   0x00000002   PAD
    0x08000724   0x08000724   0x00000020   Code   RO         4917    i.BSP_SD_WriteBlocks  bsp_driver_sd.o
    0x08000744   0x08000744   0x00000002   Code   RO         4919    i.BSP_SD_WriteCpltCallback  bsp_driver_sd.o
    0x08000746   0x08000746   0x00000002   Code   RO          972    i.BusFault_Handler  stm32f4xx_it.o
    0x08000748   0x08000748   0x0000000c   Code   RO          973    i.DMA2_Stream0_IRQHandler  stm32f4xx_it.o
    0x08000754   0x08000754   0x0000000c   Code   RO          974    i.DMA2_Stream3_IRQHandler  stm32f4xx_it.o
    0x08000760   0x08000760   0x0000000c   Code   RO          975    i.DMA2_Stream6_IRQHandler  stm32f4xx_it.o
    0x0800076c   0x0800076c   0x00000028   Code   RO         1934    i.DMA_CalcBaseAndBitshift  stm32f4xx_hal_dma.o
    0x08000794   0x08000794   0x00000054   Code   RO         1935    i.DMA_CheckFifoParam  stm32f4xx_hal_dma.o
    0x080007e8   0x080007e8   0x00000028   Code   RO         1936    i.DMA_SetConfig     stm32f4xx_hal_dma.o
    0x08000810   0x08000810   0x00000002   Code   RO          976    i.DebugMon_Handler  stm32f4xx_it.o
    0x08000812   0x08000812   0x00000006   Code   RO          977    i.EXTI0_IRQHandler  stm32f4xx_it.o
    0x08000818   0x08000818   0x00000008   Code   RO          978    i.EXTI15_10_IRQHandler  stm32f4xx_it.o
    0x08000820   0x08000820   0x00000006   Code   RO          979    i.EXTI1_IRQHandler  stm32f4xx_it.o
    0x08000826   0x08000826   0x00000002   Code   RO          899    i.Error_Handler     main.o
    0x08000828   0x08000828   0x00000006   Code   RO         4800    i.FATFS_LinkDriver  ff_gen_drv.o
    0x0800082e   0x0800082e   0x00000002   PAD
    0x08000830   0x08000830   0x00000040   Code   RO         4801    i.FATFS_LinkDriverEx  ff_gen_drv.o
    0x08000870   0x08000870   0x00000048   Code   RO          787    i.Fill_Format       logger.o
    0x080008b8   0x080008b8   0x00000030   Code   RO          402    i.GetMicros         tim.o
    0x080008e8   0x080008e8   0x00000002   Code   RO         1374    i.HAL_ADCEx_InjectedConvCpltCallback  stm32f4xx_hal_adc_ex.o
    0x080008ea   0x080008ea   0x00000002   PAD
    0x080008ec   0x080008ec   0x0000014c   Code   RO         1205    i.HAL_ADC_ConfigChannel  stm32f4xx_hal_adc.o
    0x08000a38   0x08000a38   0x00000002   Code   RO         1206    i.HAL_ADC_ConvCpltCallback  stm32f4xx_hal_adc.o
    0x08000a3a   0x08000a3a   0x00000002   Code   RO         1207    i.HAL_ADC_ConvHalfCpltCallback  stm32f4xx_hal_adc.o
    0x08000a3c   0x08000a3c   0x00000002   Code   RO         1209    i.HAL_ADC_ErrorCallback  stm32f4xx_hal_adc.o
    0x08000a3e   0x08000a3e   0x0000013c   Code   RO         1213    i.HAL_ADC_IRQHandler  stm32f4xx_hal_adc.o
    0x08000b7a   0x08000b7a   0x00000054   Code   RO         1214    i.HAL_ADC_Init      stm32f4xx_hal_adc.o
    0x08000bce   0x08000bce   0x00000002   Code   RO         1215    i.HAL_ADC_LevelOutOfWindowCallback  stm32f4xx_hal_adc.o
    0x08000bd0   0x08000bd0   0x000000ac   Code   RO           14    i.HAL_ADC_MspInit   adc.o
    0x08000c7c   0x08000c7c   0x00000130   Code   RO         1221    i.HAL_ADC_Start_DMA  stm32f4xx_hal_adc.o
    0x08000dac   0x08000dac   0x00000024   Code   RO         1938    i.HAL_DMA_Abort_IT  stm32f4xx_hal_dma.o
    0x08000dd0   0x08000dd0   0x000001a0   Code   RO         1942    i.HAL_DMA_IRQHandler  stm32f4xx_hal_dma.o
    0x08000f70   0x08000f70   0x000000d4   Code   RO         1943    i.HAL_DMA_Init      stm32f4xx_hal_dma.o
    0x08001044   0x08001044   0x0000006e   Code   RO         1947    i.HAL_DMA_Start_IT  stm32f4xx_hal_dma.o
    0x080010b2   0x080010b2   0x00000002   PAD
    0x080010b4   0x080010b4   0x00000024   Code   RO         2356    i.HAL_Delay         stm32f4xx_hal.o
    0x080010d8   0x080010d8   0x000000cc   Code   RO          191    i.HAL_GPIO_EXTI_Callback  exit.o
    0x080011a4   0x080011a4   0x00000018   Code   RO         1829    i.HAL_GPIO_EXTI_IRQHandler  stm32f4xx_hal_gpio.o
    0x080011bc   0x080011bc   0x000001b8   Code   RO         1830    i.HAL_GPIO_Init     stm32f4xx_hal_gpio.o
    0x08001374   0x08001374   0x0000000a   Code   RO         1832    i.HAL_GPIO_ReadPin  stm32f4xx_hal_gpio.o
    0x0800137e   0x0800137e   0x0000000e   Code   RO         1833    i.HAL_GPIO_TogglePin  stm32f4xx_hal_gpio.o
    0x0800138c   0x0800138c   0x0000000a   Code   RO         1834    i.HAL_GPIO_WritePin  stm32f4xx_hal_gpio.o
    0x08001396   0x08001396   0x00000002   PAD
    0x08001398   0x08001398   0x0000000c   Code   RO         2362    i.HAL_GetTick       stm32f4xx_hal.o
    0x080013a4   0x080013a4   0x00000010   Code   RO         2368    i.HAL_IncTick       stm32f4xx_hal.o
    0x080013b4   0x080013b4   0x00000034   Code   RO         2369    i.HAL_Init          stm32f4xx_hal.o
    0x080013e8   0x080013e8   0x00000040   Code   RO         2370    i.HAL_InitTick      stm32f4xx_hal.o
    0x08001428   0x08001428   0x00000030   Code   RO         1113    i.HAL_MspInit       stm32f4xx_hal_msp.o
    0x08001458   0x08001458   0x0000001a   Code   RO         2219    i.HAL_NVIC_EnableIRQ  stm32f4xx_hal_cortex.o
    0x08001472   0x08001472   0x00000002   PAD
    0x08001474   0x08001474   0x00000040   Code   RO         2225    i.HAL_NVIC_SetPriority  stm32f4xx_hal_cortex.o
    0x080014b4   0x080014b4   0x00000024   Code   RO         2226    i.HAL_NVIC_SetPriorityGrouping  stm32f4xx_hal_cortex.o
    0x080014d8   0x080014d8   0x00000134   Code   RO         1476    i.HAL_RCC_ClockConfig  stm32f4xx_hal_rcc.o
    0x0800160c   0x0800160c   0x00000020   Code   RO         1483    i.HAL_RCC_GetPCLK1Freq  stm32f4xx_hal_rcc.o
    0x0800162c   0x0800162c   0x00000020   Code   RO         1484    i.HAL_RCC_GetPCLK2Freq  stm32f4xx_hal_rcc.o
    0x0800164c   0x0800164c   0x00000064   Code   RO         1485    i.HAL_RCC_GetSysClockFreq  stm32f4xx_hal_rcc.o
    0x080016b0   0x080016b0   0x0000035c   Code   RO         1488    i.HAL_RCC_OscConfig  stm32f4xx_hal_rcc.o
    0x08001a0c   0x08001a0c   0x00000008   Code   RO         4920    i.HAL_SD_AbortCallback  bsp_driver_sd.o
    0x08001a14   0x08001a14   0x000000f4   Code   RO         2874    i.HAL_SD_ConfigWideBusOperation  stm32f4xx_hal_sd.o
    0x08001b08   0x08001b08   0x00000002   Code   RO         2877    i.HAL_SD_ErrorCallback  stm32f4xx_hal_sd.o
    0x08001b0a   0x08001b0a   0x00000002   PAD
    0x08001b0c   0x08001b0c   0x00000198   Code   RO         2879    i.HAL_SD_GetCardCSD  stm32f4xx_hal_sd.o
    0x08001ca4   0x08001ca4   0x00000024   Code   RO         2880    i.HAL_SD_GetCardInfo  stm32f4xx_hal_sd.o
    0x08001cc8   0x08001cc8   0x0000002c   Code   RO         2881    i.HAL_SD_GetCardState  stm32f4xx_hal_sd.o
    0x08001cf4   0x08001cf4   0x00000208   Code   RO         2885    i.HAL_SD_IRQHandler  stm32f4xx_hal_sd.o
    0x08001efc   0x08001efc   0x00000036   Code   RO         2886    i.HAL_SD_Init       stm32f4xx_hal_sd.o
    0x08001f32   0x08001f32   0x00000002   PAD
    0x08001f34   0x08001f34   0x00000054   Code   RO         2887    i.HAL_SD_InitCard   stm32f4xx_hal_sd.o
    0x08001f88   0x08001f88   0x00000144   Code   RO          259    i.HAL_SD_MspInit    sdio.o
    0x080020cc   0x080020cc   0x000001f8   Code   RO         2890    i.HAL_SD_ReadBlocks  stm32f4xx_hal_sd.o
    0x080022c4   0x080022c4   0x00000008   Code   RO         4921    i.HAL_SD_RxCpltCallback  bsp_driver_sd.o
    0x080022cc   0x080022cc   0x00000008   Code   RO         4922    i.HAL_SD_TxCpltCallback  bsp_driver_sd.o
    0x080022d4   0x080022d4   0x000001cc   Code   RO         2895    i.HAL_SD_WriteBlocks  stm32f4xx_hal_sd.o
    0x080024a0   0x080024a0   0x00000028   Code   RO         2230    i.HAL_SYSTICK_Config  stm32f4xx_hal_cortex.o
    0x080024c8   0x080024c8   0x00000002   Code   RO         3773    i.HAL_TIMEx_BreakCallback  stm32f4xx_hal_tim_ex.o
    0x080024ca   0x080024ca   0x00000002   Code   RO         3774    i.HAL_TIMEx_CommutCallback  stm32f4xx_hal_tim_ex.o
    0x080024cc   0x080024cc   0x00000090   Code   RO         3791    i.HAL_TIMEx_MasterConfigSynchronization  stm32f4xx_hal_tim_ex.o
    0x0800255c   0x0800255c   0x00000036   Code   RO         3098    i.HAL_TIM_Base_Init  stm32f4xx_hal_tim.o
    0x08002592   0x08002592   0x00000002   PAD
    0x08002594   0x08002594   0x0000008c   Code   RO          405    i.HAL_TIM_Base_MspInit  tim.o
    0x08002620   0x08002620   0x00000022   Code   RO         3103    i.HAL_TIM_Base_Start_IT  stm32f4xx_hal_tim.o
    0x08002642   0x08002642   0x00000002   Code   RO         3127    i.HAL_TIM_IC_CaptureCallback  stm32f4xx_hal_tim.o
    0x08002644   0x08002644   0x00000166   Code   RO         3141    i.HAL_TIM_IRQHandler  stm32f4xx_hal_tim.o
    0x080027aa   0x080027aa   0x00000002   PAD
    0x080027ac   0x080027ac   0x00000050   Code   RO          406    i.HAL_TIM_MspPostInit  tim.o
    0x080027fc   0x080027fc   0x00000002   Code   RO         3144    i.HAL_TIM_OC_DelayElapsedCallback  stm32f4xx_hal_tim.o
    0x080027fe   0x080027fe   0x000000d0   Code   RO         3165    i.HAL_TIM_PWM_ConfigChannel  stm32f4xx_hal_tim.o
    0x080028ce   0x080028ce   0x00000036   Code   RO         3168    i.HAL_TIM_PWM_Init  stm32f4xx_hal_tim.o
    0x08002904   0x08002904   0x00000028   Code   RO          408    i.HAL_TIM_PWM_MspInit  tim.o
    0x0800292c   0x0800292c   0x00000002   Code   RO         3171    i.HAL_TIM_PWM_PulseFinishedCallback  stm32f4xx_hal_tim.o
    0x0800292e   0x0800292e   0x00000002   PAD
    0x08002930   0x08002930   0x00000044   Code   RO         3173    i.HAL_TIM_PWM_Start  stm32f4xx_hal_tim.o
    0x08002974   0x08002974   0x00000038   Code   RO          409    i.HAL_TIM_PeriodElapsedCallback  tim.o
    0x080029ac   0x080029ac   0x00000002   Code   RO         3184    i.HAL_TIM_TriggerCallback  stm32f4xx_hal_tim.o
    0x080029ae   0x080029ae   0x00000062   Code   RO         4049    i.HAL_UART_Init     stm32f4xx_hal_uart.o
    0x08002a10   0x08002a10   0x00000078   Code   RO          506    i.HAL_UART_MspInit  usart.o
    0x08002a88   0x08002a88   0x00000002   Code   RO          980    i.HardFault_Handler  stm32f4xx_it.o
    0x08002a8a   0x08002a8a   0x00000002   PAD
    0x08002a8c   0x08002a8c   0x00000070   Code   RO          788    i.Log_Init          logger.o
    0x08002afc   0x08002afc   0x000000b8   Code   RO           15    i.MX_ADC1_Init      adc.o
    0x08002bb4   0x08002bb4   0x0000004c   Code   RO          164    i.MX_DMA_Init       dma.o
    0x08002c00   0x08002c00   0x000000c8   Code   RO          192    i.MX_EXIT_Init      exit.o
    0x08002cc8   0x08002cc8   0x0000001c   Code   RO         1137    i.MX_FATFS_Init     fatfs.o
    0x08002ce4   0x08002ce4   0x000000c0   Code   RO          231    i.MX_GPIO_Init      gpio.o
    0x08002da4   0x08002da4   0x00000020   Code   RO          260    i.MX_SDIO_SD_Init   sdio.o
    0x08002dc4   0x08002dc4   0x00000078   Code   RO          410    i.MX_TIM3_Init      tim.o
    0x08002e3c   0x08002e3c   0x00000044   Code   RO          412    i.MX_TIM6_Init      tim.o
    0x08002e80   0x08002e80   0x00000044   Code   RO          413    i.MX_TIM7_Init      tim.o
    0x08002ec4   0x08002ec4   0x00000040   Code   RO          507    i.MX_USART2_UART_Init  usart.o
    0x08002f04   0x08002f04   0x00000002   Code   RO          981    i.MemManage_Handler  stm32f4xx_it.o
    0x08002f06   0x08002f06   0x00000002   Code   RO          982    i.NMI_Handler       stm32f4xx_it.o
    0x08002f08   0x08002f08   0x00000002   Code   RO          983    i.PendSV_Handler    stm32f4xx_it.o
    0x08002f0a   0x08002f0a   0x00000024   Code   RO         2607    i.SDIO_ConfigData   stm32f4xx_ll_sdmmc.o
    0x08002f2e   0x08002f2e   0x00000008   Code   RO         2611    i.SDIO_GetPowerState  stm32f4xx_ll_sdmmc.o
    0x08002f36   0x08002f36   0x00000006   Code   RO         2612    i.SDIO_GetResponse  stm32f4xx_ll_sdmmc.o
    0x08002f3c   0x08002f3c   0x0000000c   Code   RO          984    i.SDIO_IRQHandler   stm32f4xx_it.o
    0x08002f48   0x08002f48   0x00000024   Code   RO         2613    i.SDIO_Init         stm32f4xx_ll_sdmmc.o
    0x08002f6c   0x08002f6c   0x00000010   Code   RO         2615    i.SDIO_PowerState_ON  stm32f4xx_ll_sdmmc.o
    0x08002f7c   0x08002f7c   0x00000006   Code   RO         2616    i.SDIO_ReadFIFO     stm32f4xx_ll_sdmmc.o
    0x08002f82   0x08002f82   0x00000020   Code   RO         2617    i.SDIO_SendCommand  stm32f4xx_ll_sdmmc.o
    0x08002fa2   0x08002fa2   0x0000000a   Code   RO         2619    i.SDIO_WriteFIFO    stm32f4xx_ll_sdmmc.o
    0x08002fac   0x08002fac   0x00000032   Code   RO         2620    i.SDMMC_CmdAppCommand  stm32f4xx_ll_sdmmc.o
    0x08002fde   0x08002fde   0x00000002   PAD
    0x08002fe0   0x08002fe0   0x00000034   Code   RO         2621    i.SDMMC_CmdAppOperCommand  stm32f4xx_ll_sdmmc.o
    0x08003014   0x08003014   0x00000032   Code   RO         2622    i.SDMMC_CmdBlockLength  stm32f4xx_ll_sdmmc.o
    0x08003046   0x08003046   0x00000032   Code   RO         2623    i.SDMMC_CmdBusWidth  stm32f4xx_ll_sdmmc.o
    0x08003078   0x08003078   0x00000050   Code   RO         2627    i.SDMMC_CmdGoIdleState  stm32f4xx_ll_sdmmc.o
    0x080030c8   0x080030c8   0x00000074   Code   RO         2629    i.SDMMC_CmdOperCond  stm32f4xx_ll_sdmmc.o
    0x0800313c   0x0800313c   0x00000032   Code   RO         2630    i.SDMMC_CmdReadMultiBlock  stm32f4xx_ll_sdmmc.o
    0x0800316e   0x0800316e   0x00000032   Code   RO         2631    i.SDMMC_CmdReadSingleBlock  stm32f4xx_ll_sdmmc.o
    0x080031a0   0x080031a0   0x00000032   Code   RO         2634    i.SDMMC_CmdSelDesel  stm32f4xx_ll_sdmmc.o
    0x080031d2   0x080031d2   0x0000002c   Code   RO         2635    i.SDMMC_CmdSendCID  stm32f4xx_ll_sdmmc.o
    0x080031fe   0x080031fe   0x0000002c   Code   RO         2636    i.SDMMC_CmdSendCSD  stm32f4xx_ll_sdmmc.o
    0x0800322a   0x0800322a   0x00000030   Code   RO         2637    i.SDMMC_CmdSendSCR  stm32f4xx_ll_sdmmc.o
    0x0800325a   0x0800325a   0x00000032   Code   RO         2638    i.SDMMC_CmdSendStatus  stm32f4xx_ll_sdmmc.o
    0x0800328c   0x0800328c   0x00000030   Code   RO         2639    i.SDMMC_CmdSetRelAdd  stm32f4xx_ll_sdmmc.o
    0x080032bc   0x080032bc   0x00000034   Code   RO         2641    i.SDMMC_CmdStopTransfer  stm32f4xx_ll_sdmmc.o
    0x080032f0   0x080032f0   0x00000032   Code   RO         2643    i.SDMMC_CmdWriteMultiBlock  stm32f4xx_ll_sdmmc.o
    0x08003322   0x08003322   0x00000032   Code   RO         2644    i.SDMMC_CmdWriteSingleBlock  stm32f4xx_ll_sdmmc.o
    0x08003354   0x08003354   0x00000120   Code   RO         2645    i.SDMMC_GetCmdResp1  stm32f4xx_ll_sdmmc.o
    0x08003474   0x08003474   0x00000050   Code   RO         2646    i.SDMMC_GetCmdResp2  stm32f4xx_ll_sdmmc.o
    0x080034c4   0x080034c4   0x00000044   Code   RO         2647    i.SDMMC_GetCmdResp3  stm32f4xx_ll_sdmmc.o
    0x08003508   0x08003508   0x00000088   Code   RO         2648    i.SDMMC_GetCmdResp6  stm32f4xx_ll_sdmmc.o
    0x08003590   0x08003590   0x00000020   Code   RO         5027    i.SD_CheckStatus    sd_diskio.o
    0x080035b0   0x080035b0   0x00000044   Code   RO         2900    i.SD_DMARxAbort     stm32f4xx_hal_sd.o
    0x080035f4   0x080035f4   0x00000044   Code   RO         2902    i.SD_DMATxAbort     stm32f4xx_hal_sd.o
    0x08003638   0x08003638   0x000000d4   Code   RO         2903    i.SD_FindSCR        stm32f4xx_hal_sd.o
    0x0800370c   0x0800370c   0x000000ee   Code   RO         2904    i.SD_InitCard       stm32f4xx_hal_sd.o
    0x080037fa   0x080037fa   0x00000002   PAD
    0x080037fc   0x080037fc   0x000000b4   Code   RO         2905    i.SD_PowerON        stm32f4xx_hal_sd.o
    0x080038b0   0x080038b0   0x00000020   Code   RO         5028    i.SD_initialize     sd_diskio.o
    0x080038d0   0x080038d0   0x00000050   Code   RO         5029    i.SD_ioctl          sd_diskio.o
    0x08003920   0x08003920   0x00000026   Code   RO         5030    i.SD_read           sd_diskio.o
    0x08003946   0x08003946   0x00000004   Code   RO         5031    i.SD_status         sd_diskio.o
    0x0800394a   0x0800394a   0x00000002   PAD
    0x0800394c   0x0800394c   0x00000026   Code   RO         5032    i.SD_write          sd_diskio.o
    0x08003972   0x08003972   0x00000002   Code   RO          985    i.SVC_Handler       stm32f4xx_it.o
    0x08003974   0x08003974   0x00000004   Code   RO          986    i.SysTick_Handler   stm32f4xx_it.o
    0x08003978   0x08003978   0x00000084   Code   RO          900    i.SystemClock_Config  main.o
    0x080039fc   0x080039fc   0x0000001c   Code   RO         4351    i.SystemInit        system_stm32f4xx.o
    0x08003a18   0x08003a18   0x0000000c   Code   RO          987    i.TIM5_IRQHandler   stm32f4xx_it.o
    0x08003a24   0x08003a24   0x0000000c   Code   RO          988    i.TIM6_DAC_IRQHandler  stm32f4xx_it.o
    0x08003a30   0x08003a30   0x0000000c   Code   RO          989    i.TIM7_IRQHandler   stm32f4xx_it.o
    0x08003a3c   0x08003a3c   0x000000c8   Code   RO         3186    i.TIM_Base_SetConfig  stm32f4xx_hal_tim.o
    0x08003b04   0x08003b04   0x0000001a   Code   RO         3187    i.TIM_CCxChannelCmd  stm32f4xx_hal_tim.o
    0x08003b1e   0x08003b1e   0x00000002   PAD
    0x08003b20   0x08003b20   0x00000060   Code   RO         3199    i.TIM_OC1_SetConfig  stm32f4xx_hal_tim.o
    0x08003b80   0x08003b80   0x0000006c   Code   RO         3200    i.TIM_OC2_SetConfig  stm32f4xx_hal_tim.o
    0x08003bec   0x08003bec   0x00000068   Code   RO         3201    i.TIM_OC3_SetConfig  stm32f4xx_hal_tim.o
    0x08003c54   0x08003c54   0x00000050   Code   RO         3202    i.TIM_OC4_SetConfig  stm32f4xx_hal_tim.o
    0x08003ca4   0x08003ca4   0x00000128   Code   RO         4075    i.UART_SetConfig    stm32f4xx_hal_uart.o
    0x08003dcc   0x08003dcc   0x00000038   Code   RO          511    i.USART2_IRQHandler  usart.o
    0x08003e04   0x08003e04   0x00000002   Code   RO          990    i.UsageFault_Handler  stm32f4xx_it.o
    0x08003e06   0x08003e06   0x00000002   PAD
    0x08003e08   0x08003e08   0x00000018   Code   RO          414    i.Wait_processing   tim.o
    0x08003e20   0x08003e20   0x000000d0   Code   RO          789    i.WriteBlock        logger.o
    0x08003ef0   0x08003ef0   0x00000016   Code   RO          791    i.Write_Format      logger.o
    0x08003f06   0x08003f06   0x00000002   PAD
    0x08003f08   0x08003f08   0x00000024   Code   RO          794    i.Write_Test        logger.o
    0x08003f2c   0x08003f2c   0x00000020   Code   RO         2232    i.__NVIC_SetPriority  stm32f4xx_hal_cortex.o
    0x08003f4c   0x08003f4c   0x0000000e   Code   RO         5183    i.__scatterload_copy  mc_w.l(handlers.o)
    0x08003f5a   0x08003f5a   0x00000002   Code   RO         5184    i.__scatterload_null  mc_w.l(handlers.o)
    0x08003f5c   0x08003f5c   0x0000000e   Code   RO         5185    i.__scatterload_zeroinit  mc_w.l(handlers.o)
    0x08003f6a   0x08003f6a   0x00000002   PAD
    0x08003f6c   0x08003f6c   0x00000070   Code   RO         4443    i.check_fs          ff.o
    0x08003fdc   0x08003fdc   0x00000010   Code   RO         4444    i.chk_chr           ff.o
    0x08003fec   0x08003fec   0x0000005c   Code   RO         4445    i.chk_lock          ff.o
    0x08004048   0x08004048   0x00000020   Code   RO         4446    i.clear_lock        ff.o
    0x08004068   0x08004068   0x00000024   Code   RO         4447    i.clmt_clust        ff.o
    0x0800408c   0x0800408c   0x00000018   Code   RO         4448    i.clust2sect        ff.o
    0x080040a4   0x080040a4   0x00000080   Code   RO         4449    i.cmp_lfn           ff.o
    0x08004124   0x08004124   0x000000a4   Code   RO         4450    i.create_chain      ff.o
    0x080041c8   0x080041c8   0x00000244   Code   RO         4451    i.create_name       ff.o
    0x0800440c   0x0800440c   0x00000034   Code   RO         4452    i.dec_lock          ff.o
    0x08004440   0x08004440   0x000000d0   Code   RO         4453    i.dir_find          ff.o
    0x08004510   0x08004510   0x000000f4   Code   RO         4454    i.dir_next          ff.o
    0x08004604   0x08004604   0x000000b6   Code   RO         4455    i.dir_read          ff.o
    0x080046ba   0x080046ba   0x00000002   PAD
    0x080046bc   0x080046bc   0x000001e4   Code   RO         4456    i.dir_register      ff.o
    0x080048a0   0x080048a0   0x0000004e   Code   RO         4457    i.dir_remove        ff.o
    0x080048ee   0x080048ee   0x00000082   Code   RO         4458    i.dir_sdi           ff.o
    0x08004970   0x08004970   0x00000028   Code   RO         4388    i.disk_initialize   diskio.o
    0x08004998   0x08004998   0x0000001c   Code   RO         4389    i.disk_ioctl        diskio.o
    0x080049b4   0x080049b4   0x0000001c   Code   RO         4390    i.disk_read         diskio.o
    0x080049d0   0x080049d0   0x00000018   Code   RO         4391    i.disk_status       diskio.o
    0x080049e8   0x080049e8   0x0000001c   Code   RO         4392    i.disk_write        diskio.o
    0x08004a04   0x08004a04   0x00000028   Code   RO         4459    i.f_close           ff.o
    0x08004a2c   0x08004a2c   0x000000d4   Code   RO         4461    i.f_getfree         ff.o
    0x08004b00   0x08004b00   0x00000058   Code   RO         4466    i.f_mount           ff.o
    0x08004b58   0x08004b58   0x00000214   Code   RO         4467    i.f_open            ff.o
    0x08004d6c   0x08004d6c   0x0000008e   Code   RO         4476    i.f_sync            ff.o
    0x08004dfa   0x08004dfa   0x000000a6   Code   RO         4478    i.f_unlink          ff.o
    0x08004ea0   0x08004ea0   0x0000018e   Code   RO         4479    i.f_write           ff.o
    0x0800502e   0x0800502e   0x00000002   PAD
    0x08005030   0x08005030   0x0000004c   Code   RO         4874    i.ff_convert        cc936.o
    0x0800507c   0x0800507c   0x00000080   Code   RO         4875    i.ff_wtoupper       cc936.o
    0x080050fc   0x080050fc   0x0000000e   Code   RO          592    i.fifoBuf_getFree   fifo_buffer.o
    0x0800510a   0x0800510a   0x0000001e   Code   RO          594    i.fifoBuf_getUsed   fifo_buffer.o
    0x08005128   0x08005128   0x0000002c   Code   RO          596    i.fifoBuf_putByte   fifo_buffer.o
    0x08005154   0x08005154   0x00000254   Code   RO         4480    i.find_volume       ff.o
    0x080053a8   0x080053a8   0x00000074   Code   RO         4481    i.follow_path       ff.o
    0x0800541c   0x0800541c   0x0000008c   Code   RO         4482    i.gen_numname       ff.o
    0x080054a8   0x080054a8   0x000000be   Code   RO         4483    i.get_fat           ff.o
    0x08005566   0x08005566   0x00000004   Code   RO         1138    i.get_fattime       fatfs.o
    0x0800556a   0x0800556a   0x0000003c   Code   RO         4485    i.get_ldnumber      ff.o
    0x080055a6   0x080055a6   0x00000002   PAD
    0x080055a8   0x080055a8   0x00000080   Code   RO         4486    i.inc_lock          ff.o
    0x08005628   0x08005628   0x00000026   Code   RO         4487    i.ld_clust          ff.o
    0x0800564e   0x0800564e   0x00000016   Code   RO         4488    i.ld_dword          ff.o
    0x08005664   0x08005664   0x0000000a   Code   RO         4489    i.ld_word           ff.o
    0x0800566e   0x0800566e   0x00000002   PAD
    0x08005670   0x08005670   0x000000c8   Code   RO          901    i.main              main.o
    0x08005738   0x08005738   0x00000012   Code   RO         4490    i.mem_cpy           ff.o
    0x0800574a   0x0800574a   0x00000002   PAD
    0x0800574c   0x0800574c   0x0000000e   Code   RO         4491    i.mem_set           ff.o
    0x0800575a   0x0800575a   0x00000032   Code   RO         4492    i.move_window       ff.o
    0x0800578c   0x0800578c   0x00000074   Code   RO         4493    i.pick_lfn          ff.o
    0x08005800   0x08005800   0x000000ea   Code   RO         4494    i.put_fat           ff.o
    0x080058ea   0x080058ea   0x00000074   Code   RO         4497    i.remove_chain      ff.o
    0x0800595e   0x0800595e   0x00000028   Code   RO         4498    i.st_clust          ff.o
    0x08005986   0x08005986   0x00000010   Code   RO         4499    i.st_dword          ff.o
    0x08005996   0x08005996   0x00000008   Code   RO         4500    i.st_word           ff.o
    0x0800599e   0x0800599e   0x0000001a   Code   RO         4501    i.sum_sfn           ff.o
    0x080059b8   0x080059b8   0x00000088   Code   RO         4502    i.sync_fs           ff.o
    0x08005a40   0x08005a40   0x00000052   Code   RO         4503    i.sync_window       ff.o
    0x08005a92   0x08005a92   0x00000034   Code   RO         4504    i.validate          ff.o
    0x08005ac6   0x08005ac6   0x00000002   PAD
    0x08005ac8   0x08005ac8   0x00000127   Data   RO          796    .constdata          logger.o
    0x08005bef   0x08005bef   0x00000008   Data   RO         1949    .constdata          stm32f4xx_hal_dma.o
    0x08005bf7   0x08005bf7   0x00000010   Data   RO         4352    .constdata          system_stm32f4xx.o
    0x08005c07   0x08005c07   0x00000008   Data   RO         4353    .constdata          system_stm32f4xx.o
    0x08005c0f   0x08005c0f   0x00000001   PAD
    0x08005c10   0x08005c10   0x0000002a   Data   RO         4506    .constdata          ff.o
    0x08005c3a   0x08005c3a   0x0002abb6   Data   RO         4876    .constdata          cc936.o
    0x080307f0   0x080307f0   0x00000014   Data   RO         5033    .constdata          sd_diskio.o
    0x08030804   0x08030804   0x000000fc   Data   RO          797    .conststring        logger.o
    0x08030900   0x08030900   0x00000020   Data   RO         5181    Region$$Table       anon$$obj.o


    Execution Region RW_IRAM2 (Exec base: 0x10000000, Load base: 0x080309b0, Size: 0x00000000, Max: 0x00010000, ABSOLUTE)

    **** No section assigned to this execution region ****


    Execution Region RW_IRAM1 (Exec base: 0x20000000, Load base: 0x08030920, Size: 0x0000c8f0, Max: 0x00020000, ABSOLUTE)

    Exec Addr    Load Addr    Size         Type   Attr      Idx    E Section Name        Object

    0x20000000   0x08030920   0x00000048   Data   RW          193    .data               exit.o
    0x20000048   0x08030968   0x00000008   Data   RW          416    .data               tim.o
    0x20000050   0x08030970   0x00000014   Data   RW          798    .data               logger.o
    0x20000064   0x08030984   0x00000008   Data   RW          903    .data               main.o
    0x2000006c   0x0803098c   0x00000005   Data   RW         1141    .data               fatfs.o
    0x20000071   0x08030991   0x00000003   PAD
    0x20000074   0x08030994   0x0000000c   Data   RW         2376    .data               stm32f4xx_hal.o
    0x20000080   0x080309a0   0x00000004   Data   RW         4354    .data               system_stm32f4xx.o
    0x20000084   0x080309a4   0x00000008   Data   RW         4507    .data               ff.o
    0x2000008c   0x080309ac   0x00000001   Data   RW         5034    .data               sd_diskio.o
    0x2000008d   0x080309ad   0x00000003   PAD
    0x20000090        -       0x000000a8   Zero   RW           16    .bss                adc.o
    0x20000138        -       0x00000144   Zero   RW          261    .bss                sdio.o
    0x2000027c        -       0x00000100   Zero   RW          415    .bss                tim.o
    0x2000037c        -       0x000000cc   Zero   RW          513    .bss                usart.o
    0x20000448        -       0x00000464   Zero   RW          795    .bss                logger.o
    0x200008ac        -       0x00000014   Zero   RW          902    .bss                main.o
    0x200008c0        -       0x00000020   Zero   RW         4505    .bss                ff.o
    0x200008e0        -       0x0000000c   Zero   RW         4804    .bss                ff_gen_drv.o
    0x200008ec   0x080309ad   0x00000004   PAD
    0x200008f0        -       0x0000c000   Zero   RW            1    STACK               startup_stm32f415xx.o


==============================================================================

Image component sizes


      Code (inc. data)   RO Data    RW Data    ZI Data      Debug   Object Name

       356         36          0          0        168     691019   adc.o
       204         26          0          0          0       6947   bsp_driver_sd.o
       204         26     175030          0          0       2451   cc936.o
       148         22          0          0          0       3657   diskio.o
        76          4          0          0          0        858   dma.o
       404         22          0         72          0       2447   exit.o
        32         10          0          5          0       5832   fatfs.o
        28          6          0          0          0        553   fatfs_platform.o
      6348         98         42          8         32      46336   ff.o
        70          6          0          0         12       1595   ff_gen_drv.o
        88          0          0          0          0       2768   fifo_buffer.o
       192         12          0          0          0       1063   gpio.o
       450         62        547         20       1124       9079   logger.o
       334         36          0          8         20       2431   main.o
       224         14         20          1          0       4428   sd_diskio.o
       356         34          0          0        324     626119   sdio.o
        36          8        392          0      49152        824   startup_stm32f415xx.o
       180         28          0         12          0       9313   stm32f4xx_hal.o
      1482         64          0          0          0       8713   stm32f4xx_hal_adc.o
         2          0          0          0          0        961   stm32f4xx_hal_adc_ex.o
       198         14          0          0          0      33875   stm32f4xx_hal_cortex.o
       938         16          8          0          0       6362   stm32f4xx_hal_dma.o
       498         52          0          0          0       4231   stm32f4xx_hal_gpio.o
        48          6          0          0          0        830   stm32f4xx_hal_msp.o
      1332         76          0          0          0       5156   stm32f4xx_hal_rcc.o
      3122         42          0          0          0      15631   stm32f4xx_hal_sd.o
      1398         90          0          0          0      12452   stm32f4xx_hal_tim.o
       148         28          0          0          0       2405   stm32f4xx_hal_tim_ex.o
       394         10          0          0          0       2016   stm32f4xx_hal_uart.o
       136         48          0          0          0       9086   stm32f4xx_it.o
      1656         46          0          0          0      22655   stm32f4xx_ll_sdmmc.o
         0          0          0          0          0        528   syscall.o
        28          6         24          4          0       1119   system_stm32f4xx.o
       644         96          0          8        256       6173   tim.o
       240         26          0          0        204       3062   usart.o

    ----------------------------------------------------------------------
     22048       1070     176096        144      51296    1552975   Object Totals
         0          0         32          0          0          0   (incl. Generated)
        54          0          1          6          4          0   (incl. Padding)

    ----------------------------------------------------------------------

      Code (inc. data)   RO Data    RW Data    ZI Data      Debug   Library Member Name

         0          0          0          0          0          0   entry.o
         0          0          0          0          0          0   entry10a.o
         0          0          0          0          0          0   entry11a.o
         8          4          0          0          0          0   entry2.o
         4          0          0          0          0          0   entry5.o
         0          0          0          0          0          0   entry7b.o
         0          0          0          0          0          0   entry8b.o
         8          4          0          0          0          0   entry9a.o
        30          0          0          0          0          0   handlers.o
        36          8          0          0          0         68   init.o
         0          0          0          0          0          0   iusefp.o
        30          0          0          0          0         68   llshl.o
        32          0          0          0          0         68   llushr.o
        36          0          0          0          0        108   memseta.o
        24          0          0          0          0         76   strncpy.o
        98          0          0          0          0         92   uldiv.o
       186          0          0          0          0        176   depilogue.o
        50          0          0          0          0         76   dfixui.o
        26          0          0          0          0         76   dfltui.o
       228          0          0          0          0         96   dmul.o

    ----------------------------------------------------------------------
       800         16          0          0          0        904   Library Totals
         4          0          0          0          0          0   (incl. Padding)

    ----------------------------------------------------------------------

      Code (inc. data)   RO Data    RW Data    ZI Data      Debug   Library Name

       306         16          0          0          0        480   mc_w.l
       490          0          0          0          0        424   mf_w.l

    ----------------------------------------------------------------------
       800         16          0          0          0        904   Library Totals

    ----------------------------------------------------------------------

==============================================================================


      Code (inc. data)   RO Data    RW Data    ZI Data      Debug   

     22848       1086     176096        144      51296    1531167   Grand Totals
     22848       1086     176096        144      51296    1531167   ELF Image Totals
     22848       1086     176096        144          0          0   ROM Totals

==============================================================================

    Total RO  Size (Code + RO Data)               198944 ( 194.28kB)
    Total RW  Size (RW Data + ZI Data)             51440 (  50.23kB)
    Total ROM Size (Code + RO Data + RW Data)     199088 ( 194.42kB)

==============================================================================

